C:/Users/peter/GitHub/EasyBLDC/FIRMWARE/STMotorControlProjecs/T200FirstSpin/Src/mc_interface.c:77:13:MCI_ExecSpeedRamp	0	static
C:/Users/peter/GitHub/EasyBLDC/FIRMWARE/STMotorControlProjecs/T200FirstSpin/Src/mc_interface.c:117:13:MCI_ExecSpeedRamp_F	8	static
C:/Users/peter/GitHub/EasyBLDC/FIRMWARE/STMotorControlProjecs/T200FirstSpin/Src/mc_interface.c:157:13:MCI_ExecTorqueRamp	0	static
C:/Users/peter/GitHub/EasyBLDC/FIRMWARE/STMotorControlProjecs/T200FirstSpin/Src/mc_interface.c:199:13:MCI_ExecTorqueRamp_F	8	static
C:/Users/peter/GitHub/EasyBLDC/FIRMWARE/STMotorControlProjecs/T200FirstSpin/Src/mc_interface.c:231:13:MCI_SetCurrentReferences	8	static
C:/Users/peter/GitHub/EasyBLDC/FIRMWARE/STMotorControlProjecs/T200FirstSpin/Src/mc_interface.c:267:13:MCI_SetCurrentReferences_F	24	static
C:/Users/peter/GitHub/EasyBLDC/FIRMWARE/STMotorControlProjecs/T200FirstSpin/Src/mc_interface.c:471:13:MCI_GetCalibratedOffsetsMotor	8	static
C:/Users/peter/GitHub/EasyBLDC/FIRMWARE/STMotorControlProjecs/T200FirstSpin/Src/mc_interface.c:652:13:MCI_FaultProcessing	0	static
C:/Users/peter/GitHub/EasyBLDC/FIRMWARE/STMotorControlProjecs/T200FirstSpin/Src/mc_interface.c:677:13:MCI_ExecBufferedCommands	8	static
C:/Users/peter/GitHub/EasyBLDC/FIRMWARE/STMotorControlProjecs/T200FirstSpin/Src/mc_interface.c:750:27:MCI_IsCommandAcknowledged	0	static
C:/Users/peter/GitHub/EasyBLDC/FIRMWARE/STMotorControlProjecs/T200FirstSpin/Src/mc_interface.c:782:20:MCI_GetSTMState	0	static
C:/Users/peter/GitHub/EasyBLDC/FIRMWARE/STMotorControlProjecs/T200FirstSpin/Src/mc_interface.c:803:17:MCI_GetOccurredFaults	0	static
C:/Users/peter/GitHub/EasyBLDC/FIRMWARE/STMotorControlProjecs/T200FirstSpin/Src/mc_interface.c:823:17:MCI_GetCurrentFaults	0	static
C:/Users/peter/GitHub/EasyBLDC/FIRMWARE/STMotorControlProjecs/T200FirstSpin/Src/mc_interface.c:321:13:MCI_StartMotor	8	static
C:/Users/peter/GitHub/EasyBLDC/FIRMWARE/STMotorControlProjecs/T200FirstSpin/Src/mc_interface.c:383:13:MCI_StartWithPolarizationMotor	8	static
C:/Users/peter/GitHub/EasyBLDC/FIRMWARE/STMotorControlProjecs/T200FirstSpin/Src/mc_interface.c:428:13:MCI_StartOffsetMeasurments	8	static
C:/Users/peter/GitHub/EasyBLDC/FIRMWARE/STMotorControlProjecs/T200FirstSpin/Src/mc_interface.c:517:13:MCI_SetCalibratedOffsetsMotor	16	static
C:/Users/peter/GitHub/EasyBLDC/FIRMWARE/STMotorControlProjecs/T200FirstSpin/Src/mc_interface.c:562:13:MCI_StopMotor	16	static
C:/Users/peter/GitHub/EasyBLDC/FIRMWARE/STMotorControlProjecs/T200FirstSpin/Src/mc_interface.c:617:13:MCI_FaultAcknowledged	8	static
C:/Users/peter/GitHub/EasyBLDC/FIRMWARE/STMotorControlProjecs/T200FirstSpin/Src/mc_interface.c:847:17:MCI_GetFaultState	0	static
C:/Users/peter/GitHub/EasyBLDC/FIRMWARE/STMotorControlProjecs/T200FirstSpin/Src/mc_interface.c:872:25:MCI_GetControlMode	0	static
C:/Users/peter/GitHub/EasyBLDC/FIRMWARE/STMotorControlProjecs/T200FirstSpin/Src/mc_interface.c:888:16:MCI_GetImposedMotorDirection	0	static
C:/Users/peter/GitHub/EasyBLDC/FIRMWARE/STMotorControlProjecs/T200FirstSpin/Src/mc_interface.c:956:16:MCI_GetLastRampFinalSpeed	0	static
C:/Users/peter/GitHub/EasyBLDC/FIRMWARE/STMotorControlProjecs/T200FirstSpin/Src/mc_interface.c:982:16:MCI_GetLastRampFinalTorque	0	static
C:/Users/peter/GitHub/EasyBLDC/FIRMWARE/STMotorControlProjecs/T200FirstSpin/Src/mc_interface.c:1008:16:MCI_GetLastRampFinalTorque_F	0	static
C:/Users/peter/GitHub/EasyBLDC/FIRMWARE/STMotorControlProjecs/T200FirstSpin/Src/mc_interface.c:1033:17:MCI_GetLastRampFinalDuration	0	static
C:/Users/peter/GitHub/EasyBLDC/FIRMWARE/STMotorControlProjecs/T200FirstSpin/Src/mc_interface.c:1057:16:MCI_GetLastRampFinalSpeed_F	0	static
C:/Users/peter/GitHub/EasyBLDC/FIRMWARE/STMotorControlProjecs/T200FirstSpin/Src/mc_interface.c:1077:13:MCI_RampCompleted	8	static
C:/Users/peter/GitHub/EasyBLDC/FIRMWARE/STMotorControlProjecs/T200FirstSpin/Src/mc_interface.c:1110:13:MCI_StopSpeedRamp	0	static
C:/Users/peter/GitHub/EasyBLDC/FIRMWARE/STMotorControlProjecs/T200FirstSpin/Src/mc_interface.c:1123:13:MCI_StopRamp	0	static
C:/Users/peter/GitHub/EasyBLDC/FIRMWARE/STMotorControlProjecs/T200FirstSpin/Src/mc_interface.c:1147:13:MCI_GetSpdSensorReliability	0	static
C:/Users/peter/GitHub/EasyBLDC/FIRMWARE/STMotorControlProjecs/T200FirstSpin/Src/mc_interface.c:1173:16:MCI_GetAvrgMecSpeedUnit	0	static
C:/Users/peter/GitHub/EasyBLDC/FIRMWARE/STMotorControlProjecs/T200FirstSpin/Src/mc_interface.c:1197:16:MCI_GetAvrgMecSpeed_F	8	static
C:/Users/peter/GitHub/EasyBLDC/FIRMWARE/STMotorControlProjecs/T200FirstSpin/Src/mc_interface.c:1222:16:MCI_GetMecSpeedRefUnit	0	static
C:/Users/peter/GitHub/EasyBLDC/FIRMWARE/STMotorControlProjecs/T200FirstSpin/Src/mc_interface.c:1237:16:MCI_GetMecSpeedRef_F	8	static
C:/Users/peter/GitHub/EasyBLDC/FIRMWARE/STMotorControlProjecs/T200FirstSpin/Src/mc_interface.c:1252:13:MCI_GetIab	8	static
C:/Users/peter/GitHub/EasyBLDC/FIRMWARE/STMotorControlProjecs/T200FirstSpin/Src/mc_interface.c:1272:15:MCI_GetIab_F	16	static
C:/Users/peter/GitHub/EasyBLDC/FIRMWARE/STMotorControlProjecs/T200FirstSpin/Src/mc_interface.c:1299:20:MCI_GetIalphabeta	8	static
C:/Users/peter/GitHub/EasyBLDC/FIRMWARE/STMotorControlProjecs/T200FirstSpin/Src/mc_interface.c:1324:13:MCI_GetIqd	8	static
C:/Users/peter/GitHub/EasyBLDC/FIRMWARE/STMotorControlProjecs/T200FirstSpin/Src/mc_interface.c:1349:15:MCI_GetIqd_F	16	static
C:/Users/peter/GitHub/EasyBLDC/FIRMWARE/STMotorControlProjecs/T200FirstSpin/Src/mc_interface.c:1375:13:MCI_GetIqdHF	8	static
C:/Users/peter/GitHub/EasyBLDC/FIRMWARE/STMotorControlProjecs/T200FirstSpin/Src/mc_interface.c:1400:13:MCI_GetIqdref	8	static
C:/Users/peter/GitHub/EasyBLDC/FIRMWARE/STMotorControlProjecs/T200FirstSpin/Src/mc_interface.c:1425:15:MCI_GetIqdref_F	16	static
C:/Users/peter/GitHub/EasyBLDC/FIRMWARE/STMotorControlProjecs/T200FirstSpin/Src/mc_interface.c:1450:13:MCI_GetVqd	8	static
C:/Users/peter/GitHub/EasyBLDC/FIRMWARE/STMotorControlProjecs/T200FirstSpin/Src/mc_interface.c:1475:20:MCI_GetValphabeta	8	static
C:/Users/peter/GitHub/EasyBLDC/FIRMWARE/STMotorControlProjecs/T200FirstSpin/Src/mc_interface.c:1501:16:MCI_GetElAngledpp	0	static
C:/Users/peter/GitHub/EasyBLDC/FIRMWARE/STMotorControlProjecs/T200FirstSpin/Src/mc_interface.c:1516:16:MCI_GetTeref	0	static
C:/Users/peter/GitHub/EasyBLDC/FIRMWARE/STMotorControlProjecs/T200FirstSpin/Src/mc_interface.c:1530:16:MCI_GetTeref_F	0	static
C:/Users/peter/GitHub/EasyBLDC/FIRMWARE/STMotorControlProjecs/T200FirstSpin/Src/mc_interface.c:1546:16:MCI_GetPhaseCurrentAmplitude	0	static,ignoring_inline_asm
C:/Users/peter/GitHub/EasyBLDC/FIRMWARE/STMotorControlProjecs/T200FirstSpin/Src/mc_interface.c:1575:16:MCI_GetPhaseVoltageAmplitude	8	static
C:/Users/peter/GitHub/EasyBLDC/FIRMWARE/STMotorControlProjecs/T200FirstSpin/Src/mc_interface.c:1612:13:MCI_Clear_Iqdref	8	static
