C:/Users/peter/GitHub/EasyBLDC/FIRMWARE/STMotorControlProjecs/T200FirstSpin/Src/mc_tasks.c:89:13:MCboot	8	static
C:/Users/peter/GitHub/EasyBLDC/FIRMWARE/STMotorControlProjecs/T200FirstSpin/Src/mc_tasks.c:250:13:TSK_SetChargeBootCapDelayM1	0	static
C:/Users/peter/GitHub/EasyBLDC/FIRMWARE/STMotorControlProjecs/T200FirstSpin/Src/mc_tasks.c:261:13:TSK_ChargeBootCapDelayHasElapsedM1	0	static
C:/Users/peter/GitHub/EasyBLDC/FIRMWARE/STMotorControlProjecs/T200FirstSpin/Src/mc_tasks.c:277:13:TSK_SetStopPermanencyTimeM1	0	static
C:/Users/peter/GitHub/EasyBLDC/FIRMWARE/STMotorControlProjecs/T200FirstSpin/Src/mc_tasks.c:288:13:TSK_StopPermanencyTimeHasElapsedM1	0	static
C:/Users/peter/GitHub/EasyBLDC/FIRMWARE/STMotorControlProjecs/T200FirstSpin/Src/mc_tasks.c:314:16:TSK_HighFrequencyTask	8	static
C:/Users/peter/GitHub/EasyBLDC/FIRMWARE/STMotorControlProjecs/T200FirstSpin/Src/mc_tasks.c:372:13:TSK_SafetyTask_PWMOFF	24	static
C:/Users/peter/GitHub/EasyBLDC/FIRMWARE/STMotorControlProjecs/T200FirstSpin/Src/mc_tasks.c:347:13:TSK_SafetyTask	8	static
C:/Users/peter/GitHub/EasyBLDC/FIRMWARE/STMotorControlProjecs/T200FirstSpin/Src/mc_tasks.c:162:13:MC_RunMotorControlTasks	16	static
C:/Users/peter/GitHub/EasyBLDC/FIRMWARE/STMotorControlProjecs/T200FirstSpin/Src/mc_tasks.c:437:13:TSK_HardwareFaultTask	8	static
C:/Users/peter/GitHub/EasyBLDC/FIRMWARE/STMotorControlProjecs/T200FirstSpin/Src/mc_tasks.c:450:13:UI_HandleStartStopButton_cb	8	static
C:/Users/peter/GitHub/EasyBLDC/FIRMWARE/STMotorControlProjecs/T200FirstSpin/Src/mc_tasks.c:468:13:mc_lock_pins	88	static
