C:/Users/peter/GitHub/EasyBLDC/FIRMWARE/STMotorControlProjecs/T200FirstSpin/Src/pwm_curr_fdbk.c:75:6:PWMC_Clear	0	static
C:/Users/peter/GitHub/EasyBLDC/FIRMWARE/STMotorControlProjecs/T200FirstSpin/Src/pwm_curr_fdbk.c:100:13:PWMC_SetOffsetCalib	0	static
C:/Users/peter/GitHub/EasyBLDC/FIRMWARE/STMotorControlProjecs/T200FirstSpin/Src/pwm_curr_fdbk.c:117:13:PWMC_GetOffsetCalib	0	static
C:/Users/peter/GitHub/EasyBLDC/FIRMWARE/STMotorControlProjecs/T200FirstSpin/Src/pwm_curr_fdbk.c:156:17:PWMC_SetPhaseVoltage	24	static
C:/Users/peter/GitHub/EasyBLDC/FIRMWARE/STMotorControlProjecs/T200FirstSpin/Src/pwm_curr_fdbk.c:330:13:PWMC_SwitchOffPWM	0	static
C:/Users/peter/GitHub/EasyBLDC/FIRMWARE/STMotorControlProjecs/T200FirstSpin/Src/pwm_curr_fdbk.c:352:13:PWMC_SwitchOnPWM	0	static
C:/Users/peter/GitHub/EasyBLDC/FIRMWARE/STMotorControlProjecs/T200FirstSpin/Src/pwm_curr_fdbk.c:380:13:PWMC_CurrentReadingCalibr	8	static
C:/Users/peter/GitHub/EasyBLDC/FIRMWARE/STMotorControlProjecs/T200FirstSpin/Src/pwm_curr_fdbk.c:482:6:PWMC_CalcPhaseCurrentsEst	24	static
C:/Users/peter/GitHub/EasyBLDC/FIRMWARE/STMotorControlProjecs/T200FirstSpin/Src/pwm_curr_fdbk.c:537:13:PWMC_TurnOnLowSides	0	static
C:/Users/peter/GitHub/EasyBLDC/FIRMWARE/STMotorControlProjecs/T200FirstSpin/Src/pwm_curr_fdbk.c:565:14:PWMC_OCP_Handler	4	static
C:/Users/peter/GitHub/EasyBLDC/FIRMWARE/STMotorControlProjecs/T200FirstSpin/Src/pwm_curr_fdbk.c:613:14:PWMC_DP_Handler	4	static
C:/Users/peter/GitHub/EasyBLDC/FIRMWARE/STMotorControlProjecs/T200FirstSpin/Src/pwm_curr_fdbk.c:662:14:PWMC_OVP_Handler	0	static
C:/Users/peter/GitHub/EasyBLDC/FIRMWARE/STMotorControlProjecs/T200FirstSpin/Src/pwm_curr_fdbk.c:690:17:PWMC_IsFaultOccurred	0	static
C:/Users/peter/GitHub/EasyBLDC/FIRMWARE/STMotorControlProjecs/T200FirstSpin/Src/pwm_curr_fdbk.c:736:13:PWMC_OCPSetReferenceVoltage	0	static
C:/Users/peter/GitHub/EasyBLDC/FIRMWARE/STMotorControlProjecs/T200FirstSpin/Src/pwm_curr_fdbk.c:755:13:PWMC_DPWM_ModeEnable	0	static
C:/Users/peter/GitHub/EasyBLDC/FIRMWARE/STMotorControlProjecs/T200FirstSpin/Src/pwm_curr_fdbk.c:774:13:PWMC_DPWM_ModeDisable	0	static
C:/Users/peter/GitHub/EasyBLDC/FIRMWARE/STMotorControlProjecs/T200FirstSpin/Src/pwm_curr_fdbk.c:795:13:PWMC_GetDPWM_Mode	0	static
C:/Users/peter/GitHub/EasyBLDC/FIRMWARE/STMotorControlProjecs/T200FirstSpin/Src/pwm_curr_fdbk.c:808:13:PWMC_RLDetectionModeEnable	0	static
C:/Users/peter/GitHub/EasyBLDC/FIRMWARE/STMotorControlProjecs/T200FirstSpin/Src/pwm_curr_fdbk.c:828:13:PWMC_RLDetectionModeDisable	0	static
C:/Users/peter/GitHub/EasyBLDC/FIRMWARE/STMotorControlProjecs/T200FirstSpin/Src/pwm_curr_fdbk.c:852:17:PWMC_RLDetectionModeSetDuty	0	static
C:/Users/peter/GitHub/EasyBLDC/FIRMWARE/STMotorControlProjecs/T200FirstSpin/Src/pwm_curr_fdbk.c:875:13:PWMC_RLTurnOnLowSidesAndStart	0	static
C:/Users/peter/GitHub/EasyBLDC/FIRMWARE/STMotorControlProjecs/T200FirstSpin/Src/pwm_curr_fdbk.c:897:13:PWMC_RegisterGetPhaseCurrentsCallBack	0	static
C:/Users/peter/GitHub/EasyBLDC/FIRMWARE/STMotorControlProjecs/T200FirstSpin/Src/pwm_curr_fdbk.c:920:13:PWMC_RegisterSwitchOffPwmCallBack	0	static
C:/Users/peter/GitHub/EasyBLDC/FIRMWARE/STMotorControlProjecs/T200FirstSpin/Src/pwm_curr_fdbk.c:943:13:PWMC_RegisterSwitchonPwmCallBack	0	static
C:/Users/peter/GitHub/EasyBLDC/FIRMWARE/STMotorControlProjecs/T200FirstSpin/Src/pwm_curr_fdbk.c:966:13:PWMC_RegisterReadingCalibrationCallBack	0	static
C:/Users/peter/GitHub/EasyBLDC/FIRMWARE/STMotorControlProjecs/T200FirstSpin/Src/pwm_curr_fdbk.c:988:13:PWMC_RegisterTurnOnLowSidesCallBack	0	static
C:/Users/peter/GitHub/EasyBLDC/FIRMWARE/STMotorControlProjecs/T200FirstSpin/Src/pwm_curr_fdbk.c:1010:13:PWMC_RegisterSampPointSectXCallBack	0	static
C:/Users/peter/GitHub/EasyBLDC/FIRMWARE/STMotorControlProjecs/T200FirstSpin/Src/pwm_curr_fdbk.c:1033:13:PWMC_RegisterOCPSetRefVoltageCallBack	0	static
C:/Users/peter/GitHub/EasyBLDC/FIRMWARE/STMotorControlProjecs/T200FirstSpin/Src/pwm_curr_fdbk.c:1055:13:PWMC_RegisterRLDetectionModeEnableCallBack	0	static
C:/Users/peter/GitHub/EasyBLDC/FIRMWARE/STMotorControlProjecs/T200FirstSpin/Src/pwm_curr_fdbk.c:1077:13:PWMC_RegisterRLDetectionModeDisableCallBack	0	static
C:/Users/peter/GitHub/EasyBLDC/FIRMWARE/STMotorControlProjecs/T200FirstSpin/Src/pwm_curr_fdbk.c:1100:13:PWMC_RegisterRLDetectionModeSetDutyCallBack	0	static
