C:/Users/peter/GitHub/EasyBLDC/FIRMWARE/STMotorControlProjecs/T200FirstSpin/Src/regular_conversion_manager.c:201:6:RCM_RegisterRegConv	12	static
C:/Users/peter/GitHub/EasyBLDC/FIRMWARE/STMotorControlProjecs/T200FirstSpin/Src/regular_conversion_manager.c:166:6:RCM_RegisterRegConv_WithCB	16	static
C:/Users/peter/GitHub/EasyBLDC/FIRMWARE/STMotorControlProjecs/T200FirstSpin/Src/regular_conversion_manager.c:309:10:RCM_ExecRegularConv	8	static
C:/Users/peter/GitHub/EasyBLDC/FIRMWARE/STMotorControlProjecs/T200FirstSpin/Src/regular_conversion_manager.c:427:6:RCM_RequestUserConv	0	static
C:/Users/peter/GitHub/EasyBLDC/FIRMWARE/STMotorControlProjecs/T200FirstSpin/Src/regular_conversion_manager.c:452:10:RCM_GetUserConv	0	static
C:/Users/peter/GitHub/EasyBLDC/FIRMWARE/STMotorControlProjecs/T200FirstSpin/Src/regular_conversion_manager.c:474:6:RCM_ExecUserConv	24	static
C:/Users/peter/GitHub/EasyBLDC/FIRMWARE/STMotorControlProjecs/T200FirstSpin/Src/regular_conversion_manager.c:523:21:RCM_GetUserConvState	0	static
C:/Users/peter/GitHub/EasyBLDC/FIRMWARE/STMotorControlProjecs/T200FirstSpin/Src/regular_conversion_manager.c:545:6:RCM_PauseRegularConv	0	static
C:/Users/peter/GitHub/EasyBLDC/FIRMWARE/STMotorControlProjecs/T200FirstSpin/Src/regular_conversion_manager.c:592:6:RCM_ExecNextConv	8	static
C:/Users/peter/GitHub/EasyBLDC/FIRMWARE/STMotorControlProjecs/T200FirstSpin/Src/regular_conversion_manager.c:634:6:RCM_ReadOngoingConv	8	static
