C:/Users/peter/GitHub/EasyBLDC/FIRMWARE/STMotorControlProjecs/T200FirstSpin/Src/stm32_mc_common_it.c:71:6:USART2_IRQHandler	8	static,ignoring_inline_asm
C:/Users/peter/GitHub/EasyBLDC/FIRMWARE/STMotorControlProjecs/T200FirstSpin/Src/stm32_mc_common_it.c:149:6:HardFault_Handler	8	static
C:/Users/peter/GitHub/EasyBLDC/FIRMWARE/STMotorControlProjecs/T200FirstSpin/Src/stm32_mc_common_it.c:168:6:SysTick_Handler	8	static
C:/Users/peter/GitHub/EasyBLDC/FIRMWARE/STMotorControlProjecs/T200FirstSpin/Src/stm32_mc_common_it.c:214:6:EXTI15_10_IRQHandler	0	static
