Archive member included to satisfy reference by file (symbol)

C:/ST/STM32CubeIDE_1.17.0/STM32CubeIDE/plugins/com.st.stm32cube.ide.mcu.externaltools.gnu-tools-for-stm32.12.3.rel1.win32_1.1.0.202410251130/tools/bin/../lib/gcc/arm-none-eabi/12.3.1/../../../../arm-none-eabi/lib/thumb/v7e-m+fp/hard\libc_nano.a(libc_a-exit.o)
                              C:/ST/STM32CubeIDE_1.17.0/STM32CubeIDE/plugins/com.st.stm32cube.ide.mcu.externaltools.gnu-tools-for-stm32.12.3.rel1.win32_1.1.0.202410251130/tools/bin/../lib/gcc/arm-none-eabi/12.3.1/../../../../arm-none-eabi/lib/thumb/v7e-m+fp/hard/crt0.o (exit)
C:/ST/STM32CubeIDE_1.17.0/STM32CubeIDE/plugins/com.st.stm32cube.ide.mcu.externaltools.gnu-tools-for-stm32.12.3.rel1.win32_1.1.0.202410251130/tools/bin/../lib/gcc/arm-none-eabi/12.3.1/../../../../arm-none-eabi/lib/thumb/v7e-m+fp/hard\libc_nano.a(libc_a-findfp.o)
                              C:/ST/STM32CubeIDE_1.17.0/STM32CubeIDE/plugins/com.st.stm32cube.ide.mcu.externaltools.gnu-tools-for-stm32.12.3.rel1.win32_1.1.0.202410251130/tools/bin/../lib/gcc/arm-none-eabi/12.3.1/../../../../arm-none-eabi/lib/thumb/v7e-m+fp/hard\libc_nano.a(libc_a-exit.o) (__stdio_exit_handler)
C:/ST/STM32CubeIDE_1.17.0/STM32CubeIDE/plugins/com.st.stm32cube.ide.mcu.externaltools.gnu-tools-for-stm32.12.3.rel1.win32_1.1.0.202410251130/tools/bin/../lib/gcc/arm-none-eabi/12.3.1/../../../../arm-none-eabi/lib/thumb/v7e-m+fp/hard\libc_nano.a(libc_a-fwalk.o)
                              C:/ST/STM32CubeIDE_1.17.0/STM32CubeIDE/plugins/com.st.stm32cube.ide.mcu.externaltools.gnu-tools-for-stm32.12.3.rel1.win32_1.1.0.202410251130/tools/bin/../lib/gcc/arm-none-eabi/12.3.1/../../../../arm-none-eabi/lib/thumb/v7e-m+fp/hard\libc_nano.a(libc_a-findfp.o) (_fwalk_sglue)
C:/ST/STM32CubeIDE_1.17.0/STM32CubeIDE/plugins/com.st.stm32cube.ide.mcu.externaltools.gnu-tools-for-stm32.12.3.rel1.win32_1.1.0.202410251130/tools/bin/../lib/gcc/arm-none-eabi/12.3.1/../../../../arm-none-eabi/lib/thumb/v7e-m+fp/hard\libc_nano.a(libc_a-stdio.o)
                              C:/ST/STM32CubeIDE_1.17.0/STM32CubeIDE/plugins/com.st.stm32cube.ide.mcu.externaltools.gnu-tools-for-stm32.12.3.rel1.win32_1.1.0.202410251130/tools/bin/../lib/gcc/arm-none-eabi/12.3.1/../../../../arm-none-eabi/lib/thumb/v7e-m+fp/hard\libc_nano.a(libc_a-findfp.o) (__sread)
C:/ST/STM32CubeIDE_1.17.0/STM32CubeIDE/plugins/com.st.stm32cube.ide.mcu.externaltools.gnu-tools-for-stm32.12.3.rel1.win32_1.1.0.202410251130/tools/bin/../lib/gcc/arm-none-eabi/12.3.1/../../../../arm-none-eabi/lib/thumb/v7e-m+fp/hard\libc_nano.a(libc_a-memset.o)
                              C:/ST/STM32CubeIDE_1.17.0/STM32CubeIDE/plugins/com.st.stm32cube.ide.mcu.externaltools.gnu-tools-for-stm32.12.3.rel1.win32_1.1.0.202410251130/tools/bin/../lib/gcc/arm-none-eabi/12.3.1/../../../../arm-none-eabi/lib/thumb/v7e-m+fp/hard/crt0.o (memset)
C:/ST/STM32CubeIDE_1.17.0/STM32CubeIDE/plugins/com.st.stm32cube.ide.mcu.externaltools.gnu-tools-for-stm32.12.3.rel1.win32_1.1.0.202410251130/tools/bin/../lib/gcc/arm-none-eabi/12.3.1/../../../../arm-none-eabi/lib/thumb/v7e-m+fp/hard\libc_nano.a(libc_a-closer.o)
                              C:/ST/STM32CubeIDE_1.17.0/STM32CubeIDE/plugins/com.st.stm32cube.ide.mcu.externaltools.gnu-tools-for-stm32.12.3.rel1.win32_1.1.0.202410251130/tools/bin/../lib/gcc/arm-none-eabi/12.3.1/../../../../arm-none-eabi/lib/thumb/v7e-m+fp/hard\libc_nano.a(libc_a-stdio.o) (_close_r)
C:/ST/STM32CubeIDE_1.17.0/STM32CubeIDE/plugins/com.st.stm32cube.ide.mcu.externaltools.gnu-tools-for-stm32.12.3.rel1.win32_1.1.0.202410251130/tools/bin/../lib/gcc/arm-none-eabi/12.3.1/../../../../arm-none-eabi/lib/thumb/v7e-m+fp/hard\libc_nano.a(libc_a-reent.o)
                              C:/ST/STM32CubeIDE_1.17.0/STM32CubeIDE/plugins/com.st.stm32cube.ide.mcu.externaltools.gnu-tools-for-stm32.12.3.rel1.win32_1.1.0.202410251130/tools/bin/../lib/gcc/arm-none-eabi/12.3.1/../../../../arm-none-eabi/lib/thumb/v7e-m+fp/hard\libc_nano.a(libc_a-closer.o) (errno)
C:/ST/STM32CubeIDE_1.17.0/STM32CubeIDE/plugins/com.st.stm32cube.ide.mcu.externaltools.gnu-tools-for-stm32.12.3.rel1.win32_1.1.0.202410251130/tools/bin/../lib/gcc/arm-none-eabi/12.3.1/../../../../arm-none-eabi/lib/thumb/v7e-m+fp/hard\libc_nano.a(libc_a-impure.o)
                              C:/ST/STM32CubeIDE_1.17.0/STM32CubeIDE/plugins/com.st.stm32cube.ide.mcu.externaltools.gnu-tools-for-stm32.12.3.rel1.win32_1.1.0.202410251130/tools/bin/../lib/gcc/arm-none-eabi/12.3.1/../../../../arm-none-eabi/lib/thumb/v7e-m+fp/hard\libc_nano.a(libc_a-reent.o) (_impure_ptr)
C:/ST/STM32CubeIDE_1.17.0/STM32CubeIDE/plugins/com.st.stm32cube.ide.mcu.externaltools.gnu-tools-for-stm32.12.3.rel1.win32_1.1.0.202410251130/tools/bin/../lib/gcc/arm-none-eabi/12.3.1/../../../../arm-none-eabi/lib/thumb/v7e-m+fp/hard\libc_nano.a(libc_a-lseekr.o)
[...]
Memory Configuration

Name             Origin             Length             Attributes
RAM              0x20000000         0x00008000         xrw
FLASH            0x08000000         0x00020000         xr
*default*        0x00000000         0xffffffff

Linker script and memory map

LOAD C:/ST/STM32CubeIDE_1.17.0/STM32CubeIDE/plugins/com.st.stm32cube.ide.mcu.externaltools.gnu-tools-for-stm32.12.3.rel1.win32_1.1.0.202410251130/tools/bin/../lib/gcc/arm-none-eabi/12.3.1/thumb/v7e-m+fp/hard/crti.o
LOAD C:/ST/STM32CubeIDE_1.17.0/STM32CubeIDE/plugins/com.st.stm32cube.ide.mcu.externaltools.gnu-tools-for-stm32.12.3.rel1.win32_1.1.0.202410251130/tools/bin/../lib/gcc/arm-none-eabi/12.3.1/thumb/v7e-m+fp/hard/crtbegin.o
LOAD C:/ST/STM32CubeIDE_1.17.0/STM32CubeIDE/plugins/com.st.stm32cube.ide.mcu.externaltools.gnu-tools-for-stm32.12.3.rel1.win32_1.1.0.202410251130/tools/bin/../lib/gcc/arm-none-eabi/12.3.1/../../../../arm-none-eabi/lib/thumb/v7e-m+fp/hard/crt0.o
LOAD ./Application/Startup/startup_stm32g431cbux.o
LOAD ./Application/User/aspep.o
LOAD ./Application/User/main.o
LOAD ./Application/User/mc_api.o
LOAD ./Application/User/mc_app_hooks.o
LOAD ./Application/User/mc_config.o
LOAD ./Application/User/mc_config_common.o
LOAD ./Application/User/mc_configuration_registers.o
LOAD ./Application/User/mc_interface.o
LOAD ./Application/User/mc_math.o
LOAD ./Application/User/mc_parameters.o
LOAD ./Application/User/mc_perf.o
LOAD ./Application/User/mc_tasks.o
LOAD ./Application/User/mc_tasks_foc.o
LOAD ./Application/User/mcp.o
LOAD ./Application/User/mcp_config.o
LOAD ./Application/User/motorcontrol.o
LOAD ./Application/User/pwm_common.o
LOAD ./Application/User/pwm_curr_fdbk.o
LOAD ./Application/User/register_interface.o
LOAD ./Application/User/regular_conversion_manager.o
LOAD ./Application/User/stm32_mc_common_it.o
LOAD ./Application/User/stm32g4xx_hal_msp.o
LOAD ./Application/User/stm32g4xx_it.o
LOAD ./Application/User/stm32g4xx_mc_it.o
LOAD ./Application/User/syscalls.o
LOAD ./Application/User/sysmem.o
LOAD ./Application/User/usart_aspep_driver.o
LOAD ./Drivers/CMSIS/system_stm32g4xx.o
LOAD ./Drivers/STM32G4xx_HAL_Driver/stm32g4xx_hal.o
LOAD ./Drivers/STM32G4xx_HAL_Driver/stm32g4xx_hal_adc.o
LOAD ./Drivers/STM32G4xx_HAL_Driver/stm32g4xx_hal_adc_ex.o
LOAD ./Drivers/STM32G4xx_HAL_Driver/stm32g4xx_hal_comp.o
LOAD ./Drivers/STM32G4xx_HAL_Driver/stm32g4xx_hal_cordic.o
LOAD ./Drivers/STM32G4xx_HAL_Driver/stm32g4xx_hal_cortex.o
LOAD ./Drivers/STM32G4xx_HAL_Driver/stm32g4xx_hal_dac.o
LOAD ./Drivers/STM32G4xx_HAL_Driver/stm32g4xx_hal_dac_ex.o
LOAD ./Drivers/STM32G4xx_HAL_Driver/stm32g4xx_hal_dma.o
LOAD ./Drivers/STM32G4xx_HAL_Driver/stm32g4xx_hal_dma_ex.o
LOAD ./Drivers/STM32G4xx_HAL_Driver/stm32g4xx_hal_exti.o
LOAD ./Drivers/STM32G4xx_HAL_Driver/stm32g4xx_hal_flash.o
LOAD ./Drivers/STM32G4xx_HAL_Driver/stm32g4xx_hal_flash_ex.o
LOAD ./Drivers/STM32G4xx_HAL_Driver/stm32g4xx_hal_flash_ramfunc.o
LOAD ./Drivers/STM32G4xx_HAL_Driver/stm32g4xx_hal_gpio.o
LOAD ./Drivers/STM32G4xx_HAL_Driver/stm32g4xx_hal_opamp.o
LOAD ./Drivers/STM32G4xx_HAL_Driver/stm32g4xx_hal_opamp_ex.o
LOAD ./Drivers/STM32G4xx_HAL_Driver/stm32g4xx_hal_pwr.o
LOAD ./Drivers/STM32G4xx_HAL_Driver/stm32g4xx_hal_pwr_ex.o
LOAD ./Drivers/STM32G4xx_HAL_Driver/stm32g4xx_hal_rcc.o
LOAD ./Drivers/STM32G4xx_HAL_Driver/stm32g4xx_hal_rcc_ex.o
LOAD ./Drivers/STM32G4xx_HAL_Driver/stm32g4xx_hal_tim.o
LOAD ./Drivers/STM32G4xx_HAL_Driver/stm32g4xx_hal_tim_ex.o
LOAD ./Drivers/STM32G4xx_HAL_Driver/stm32g4xx_hal_uart.o
LOAD ./Drivers/STM32G4xx_HAL_Driver/stm32g4xx_hal_uart_ex.o
LOAD ./Drivers/STM32G4xx_HAL_Driver/stm32g4xx_ll_adc.o
LOAD ./Middlewares/MotorControl/bus_voltage_sensor.o
LOAD ./Middlewares/MotorControl/circle_limitation.o
LOAD ./Middlewares/MotorControl/digital_output.o
LOAD ./Middlewares/MotorControl/mcpa.o
LOAD ./Middlewares/MotorControl/ntc_temperature_sensor.o
LOAD ./Middlewares/MotorControl/open_loop.o
LOAD ./Middlewares/MotorControl/pid_regulator.o
LOAD ./Middlewares/MotorControl/pqd_motor_power_measurement.o
LOAD ./Middlewares/MotorControl/r3_2_g4xx_pwm_curr_fdbk.o
LOAD ./Middlewares/MotorControl/r_divider_bus_voltage_sensor.o
LOAD ./Middlewares/MotorControl/ramp_ext_mngr.o
LOAD ./Middlewares/MotorControl/revup_ctrl.o
LOAD ./Middlewares/MotorControl/speed_pos_fdbk.o
LOAD ./Middlewares/MotorControl/speed_torq_ctrl.o
LOAD ./Middlewares/MotorControl/sto_pll_speed_pos_fdbk.o
LOAD ./Middlewares/MotorControl/virtual_speed_sensor.o
START GROUP
LOAD C:/ST/STM32CubeIDE_1.17.0/STM32CubeIDE/plugins/com.st.stm32cube.ide.mcu.externaltools.gnu-tools-for-stm32.12.3.rel1.win32_1.1.0.202410251130/tools/bin/../lib/gcc/arm-none-eabi/12.3.1/../../../../arm-none-eabi/lib/thumb/v7e-m+fp/hard\libc_nano.a
LOAD C:/ST/STM32CubeIDE_1.17.0/STM32CubeIDE/plugins/com.st.stm32cube.ide.mcu.externaltools.gnu-tools-for-stm32.12.3.rel1.win32_1.1.0.202410251130/tools/bin/../lib/gcc/arm-none-eabi/12.3.1/../../../../arm-none-eabi/lib/thumb/v7e-m+fp/hard\libm.a
END GROUP
START GROUP
LOAD C:/ST/STM32CubeIDE_1.17.0/STM32CubeIDE/plugins/com.st.stm32cube.ide.mcu.externaltools.gnu-tools-for-stm32.12.3.rel1.win32_1.1.0.202410251130/tools/bin/../lib/gcc/arm-none-eabi/12.3.1/thumb/v7e-m+fp/hard\libgcc.a
LOAD C:/ST/STM32CubeIDE_1.17.0/STM32CubeIDE/plugins/com.st.stm32cube.ide.mcu.externaltools.gnu-tools-for-stm32.12.3.rel1.win32_1.1.0.202410251130/tools/bin/../lib/gcc/arm-none-eabi/12.3.1/../../../../arm-none-eabi/lib/thumb/v7e-m+fp/hard\libc_nano.a
END GROUP
START GROUP
LOAD C:/ST/STM32CubeIDE_1.17.0/STM32CubeIDE/plugins/com.st.stm32cube.ide.mcu.externaltools.gnu-tools-for-stm32.12.3.rel1.win32_1.1.0.202410251130/tools/bin/../lib/gcc/arm-none-eabi/12.3.1/thumb/v7e-m+fp/hard\libgcc.a
LOAD C:/ST/STM32CubeIDE_1.17.0/STM32CubeIDE/plugins/com.st.stm32cube.ide.mcu.externaltools.gnu-tools-for-stm32.12.3.rel1.win32_1.1.0.202410251130/tools/bin/../lib/gcc/arm-none-eabi/12.3.1/../../../../arm-none-eabi/lib/thumb/v7e-m+fp/hard\libc_nano.a
LOAD C:/ST/STM32CubeIDE_1.17.0/STM32CubeIDE/plugins/com.st.stm32cube.ide.mcu.externaltools.gnu-tools-for-stm32.12.3.rel1.win32_1.1.0.202410251130/tools/bin/../lib/gcc/arm-none-eabi/12.3.1/../../../../arm-none-eabi/lib/thumb/v7e-m+fp/hard\libnosys.a
END GROUP
START GROUP
LOAD C:/ST/STM32CubeIDE_1.17.0/STM32CubeIDE/plugins/com.st.stm32cube.ide.mcu.externaltools.gnu-tools-for-stm32.12.3.rel1.win32_1.1.0.202410251130/tools/bin/../lib/gcc/arm-none-eabi/12.3.1/thumb/v7e-m+fp/hard\libgcc.a
LOAD C:/ST/STM32CubeIDE_1.17.0/STM32CubeIDE/plugins/com.st.stm32cube.ide.mcu.externaltools.gnu-tools-for-stm32.12.3.rel1.win32_1.1.0.202410251130/tools/bin/../lib/gcc/arm-none-eabi/12.3.1/../../../../arm-none-eabi/lib/thumb/v7e-m+fp/hard\libc_nano.a
LOAD C:/ST/STM32CubeIDE_1.17.0/STM32CubeIDE/plugins/com.st.stm32cube.ide.mcu.externaltools.gnu-tools-for-stm32.12.3.rel1.win32_1.1.0.202410251130/tools/bin/../lib/gcc/arm-none-eabi/12.3.1/../../../../arm-none-eabi/lib/thumb/v7e-m+fp/hard\libnosys.a
END GROUP
LOAD C:/ST/STM32CubeIDE_1.17.0/STM32CubeIDE/plugins/com.st.stm32cube.ide.mcu.externaltools.gnu-tools-for-stm32.12.3.rel1.win32_1.1.0.202410251130/tools/bin/../lib/gcc/arm-none-eabi/12.3.1/thumb/v7e-m+fp/hard/crtend.o
LOAD C:/ST/STM32CubeIDE_1.17.0/STM32CubeIDE/plugins/com.st.stm32cube.ide.mcu.externaltools.gnu-tools-for-stm32.12.3.rel1.win32_1.1.0.202410251130/tools/bin/../lib/gcc/arm-none-eabi/12.3.1/thumb/v7e-m+fp/hard/crtn.o
                0x20008000                        _estack = (ORIGIN (RAM) + LENGTH (RAM))
                0x00000200                        _Min_Heap_Size = 0x200
                0x00000400                        _Min_Stack_Size = 0x400

.isr_vector     0x08000000      0x1d8
                0x08000000                        . = ALIGN (0x4)
 *(.isr_vector)
 .isr_vector    0x08000000      0x1d8 ./Application/Startup/startup_stm32g431cbux.o
                0x08000000                g_pfnVectors
                0x080001d8                        . = ALIGN (0x4)

.text           0x080001d8     0x9580
                0x080001d8                        . = ALIGN (0x4)
 *(.text)
 .text          0x080001d8       0x40 C:/ST/STM32CubeIDE_1.17.0/STM32CubeIDE/plugins/com.st.stm32cube.ide.mcu.externaltools.gnu-tools-for-stm32.12.3.rel1.win32_1.1.0.202410251130/tools/bin/../lib/gcc/arm-none-eabi/12.3.1/thumb/v7e-m+fp/hard/crtbegin.o
 .text          0x08000218       0x30 C:/ST/STM32CubeIDE_1.17.0/STM32CubeIDE/plugins/com.st.stm32cube.ide.mcu.externaltools.gnu-tools-for-stm32.12.3.rel1.win32_1.1.0.202410251130/tools/bin/../lib/gcc/arm-none-eabi/12.3.1/thumb/v7e-m+fp/hard\libgcc.a(_aeabi_uldivmod.o)
                0x08000218                __aeabi_uldivmod
 .text          0x08000248      0x2bc C:/ST/STM32CubeIDE_1.17.0/STM32CubeIDE/plugins/com.st.stm32cube.ide.mcu.externaltools.gnu-tools-for-stm32.12.3.rel1.win32_1.1.0.202410251130/tools/bin/../lib/gcc/arm-none-eabi/12.3.1/thumb/v7e-m+fp/hard\libgcc.a(_udivmoddi4.o)
                0x08000248                __udivmoddi4
 .text          0x08000504        0x4 C:/ST/STM32CubeIDE_1.17.0/STM32CubeIDE/plugins/com.st.stm32cube.ide.mcu.externaltools.gnu-tools-for-stm32.12.3.rel1.win32_1.1.0.202410251130/tools/bin/../lib/gcc/arm-none-eabi/12.3.1/thumb/v7e-m+fp/hard\libgcc.a(_dvmd_tls.o)
                0x08000504                __aeabi_idiv0
                0x08000504                __aeabi_ldiv0
 *(.text*)
 .text.Reset_Handler
                0x08000508       0x50 ./Application/Startup/startup_stm32g431cbux.o
                0x08000508                Reset_Handler
 .text.Default_Handler
                0x08000558        0x2 ./Application/Startup/startup_stm32g431cbux.o
                0x08000558                RTC_Alarm_IRQHandler
                0x08000558                EXTI2_IRQHandler
                0x08000558                TIM8_TRG_COM_IRQHandler
                0x08000558                TIM8_CC_IRQHandler
                0x08000558                DebugMon_Handler
                0x08000558                TIM1_CC_IRQHandler
                0x08000558                USB_HP_IRQHandler
                0x08000558                CORDIC_IRQHandler
                0x08000558                PendSV_Handler
                0x08000558                NMI_Handler
                0x08000558                EXTI3_IRQHandler
                0x08000558                I2C3_ER_IRQHandler
                0x08000558                EXTI0_IRQHandler
                0x08000558                I2C2_EV_IRQHandler
                0x08000558                FPU_IRQHandler
                0x08000558                FDCAN1_IT1_IRQHandler
                0x08000558                UsageFault_Handler
                0x08000558                SPI1_IRQHandler
                0x08000558                TIM6_DAC_IRQHandler
                0x08000558                TIM8_UP_IRQHandler
                0x08000558                DMA2_Channel2_IRQHandler
                0x08000558                DMA1_Channel4_IRQHandler
                0x08000558                USART3_IRQHandler
                0x08000558                TIM4_IRQHandler
                0x08000558                DMA2_Channel1_IRQHandler
                0x08000558                I2C1_EV_IRQHandler
                0x08000558                DMA1_Channel6_IRQHandler
                0x08000558                UART4_IRQHandler
                0x08000558                DMA2_Channel4_IRQHandler
                0x08000558                TIM3_IRQHandler
                0x08000558                RCC_IRQHandler
                0x08000558                DMA1_Channel1_IRQHandler
                0x08000558                Default_Handler
                0x08000558                RTC_TAMP_LSECSS_IRQHandler
                0x08000558                FMAC_IRQHandler
                0x08000558                TIM7_IRQHandler
                0x08000558                UCPD1_IRQHandler
                0x08000558                I2C3_EV_IRQHandler
                0x08000558                EXTI9_5_IRQHandler
                0x08000558                RTC_WKUP_IRQHandler
                0x08000558                PVD_PVM_IRQHandler
                0x08000558                SPI2_IRQHandler
                0x08000558                MemManage_Handler
                0x08000558                SVC_Handler
                0x08000558                DMA2_Channel5_IRQHandler
                0x08000558                CRS_IRQHandler
                0x08000558                DMA1_Channel5_IRQHandler
                0x08000558                USB_LP_IRQHandler
                0x08000558                EXTI4_IRQHandler
                0x08000558                RNG_IRQHandler
                0x08000558                TIM1_TRG_COM_TIM17_IRQHandler
                0x08000558                DMA1_Channel3_IRQHandler
                0x08000558                WWDG_IRQHandler
                0x08000558                LPUART1_IRQHandler
                0x08000558                DMA2_Channel6_IRQHandler
                0x08000558                FDCAN1_IT0_IRQHandler
                0x08000558                TIM2_IRQHandler
                0x08000558                COMP1_2_3_IRQHandler
                0x08000558                EXTI1_IRQHandler
                0x08000558                I2C2_ER_IRQHandler
                0x08000558                DMA1_Channel2_IRQHandler
                0x08000558                TIM8_BRK_IRQHandler
                0x08000558                FLASH_IRQHandler
                0x08000558                BusFault_Handler
                0x08000558                USART1_IRQHandler
                0x08000558                SPI3_IRQHandler
                0x08000558                I2C1_ER_IRQHandler
                0x08000558                LPTIM1_IRQHandler
                0x08000558                DMAMUX_OVR_IRQHandler
                0x08000558                USBWakeUp_IRQHandler
                0x08000558                SAI1_IRQHandler
                0x08000558                DMA2_Channel3_IRQHandler
                0x08000558                COMP4_IRQHandler
 *fill*         0x0800055a        0x2 
 .text.ASPEP_start
                0x0800055c       0x28 ./Application/User/aspep.o
                0x0800055c                ASPEP_start
 .text.ASPEP_sendBeacon
                0x08000584       0x8c ./Application/User/aspep.o
                0x08000584                ASPEP_sendBeacon
 .text.ASPEP_sendPing
                0x08000610       0x8c ./Application/User/aspep.o
                0x08000610                ASPEP_sendPing
 .text.ASPEP_getBuffer
                0x0800069c       0x60 ./Application/User/aspep.o
                0x0800069c                ASPEP_getBuffer
 .text.ASPEP_sendPacket
                0x080006fc      0x118 ./Application/User/aspep.o
                0x080006fc                ASPEP_sendPacket
 .text.ASPEP_HWDataTransmittedIT
                0x08000814       0x98 ./Application/User/aspep.o
                0x08000814                ASPEP_HWDataTransmittedIT
 .text.ASPEP_RXframeProcess
                0x080008ac      0x2c0 ./Application/User/aspep.o
                0x080008ac                ASPEP_RXframeProcess
 .text.ASPEP_HWDataReceivedIT
                0x08000b6c       0x9c ./Application/User/aspep.o
                0x08000b6c                ASPEP_HWDataReceivedIT
 .text.ASPEP_HWReset
                0x08000c08       0x14 ./Application/User/aspep.o
                0x08000c08                ASPEP_HWReset
 .text.SystemClock_Config
                0x08000c1c       0x70 ./Application/User/main.o
                0x08000c1c                SystemClock_Config
 .text.startup.main
                0x08000c8c      0x5e4 ./Application/User/main.o
                0x08000c8c                main
 .text.Error_Handler
                0x08001270        0x4 ./Application/User/main.o
                0x08001270                Error_Handler
 .text.MC_StartMotor1
                0x08001274        0xc ./Application/User/mc_api.o
                0x08001274                MC_StartMotor1
 .text.MC_StopMotor1
                0x08001280        0xc ./Application/User/mc_api.o
                0x08001280                MC_StopMotor1
 .text.MC_GetSTMStateMotor1
                0x0800128c        0xc ./Application/User/mc_api.o
                0x0800128c                MC_GetSTMStateMotor1
 .text.MC_ProfilerCommand
                0x08001298        0x4 ./Application/User/mc_api.o
                0x08001298                MC_ProfilerCommand
 .text.MC_APP_BootHook
                0x0800129c        0x4 ./Application/User/mc_app_hooks.o
                0x0800129c                MC_APP_BootHook
 .text.MC_APP_PostMediumFrequencyHook_M1
                0x080012a0        0x4 ./Application/User/mc_app_hooks.o
                0x080012a0                MC_APP_PostMediumFrequencyHook_M1
 .text.MCI_ExecSpeedRamp
                0x080012a4       0x14 ./Application/User/mc_interface.o
                0x080012a4                MCI_ExecSpeedRamp
 .text.MCI_ExecTorqueRamp
                0x080012b8       0x14 ./Application/User/mc_interface.o
                0x080012b8                MCI_ExecTorqueRamp
 .text.MCI_SetCurrentReferences
                0x080012cc       0x14 ./Application/User/mc_interface.o
                0x080012cc                MCI_SetCurrentReferences
 .text.MCI_FaultProcessing
                0x080012e0       0x18 ./Application/User/mc_interface.o
                0x080012e0                MCI_FaultProcessing
 .text.MCI_ExecBufferedCommands
                0x080012f8       0x78 ./Application/User/mc_interface.o
                0x080012f8                MCI_ExecBufferedCommands
 .text.MCI_GetSTMState
                0x08001370        0x4 ./Application/User/mc_interface.o
                0x08001370                MCI_GetSTMState
 .text.MCI_GetOccurredFaults
                0x08001374        0x4 ./Application/User/mc_interface.o
                0x08001374                MCI_GetOccurredFaults
 .text.MCI_GetCurrentFaults
                0x08001378        0x4 ./Application/User/mc_interface.o
                0x08001378                MCI_GetCurrentFaults
 .text.MCI_StartMotor
                0x0800137c       0x2c ./Application/User/mc_interface.o
                0x0800137c                MCI_StartMotor
 .text.MCI_StopMotor
                0x080013a8       0x38 ./Application/User/mc_interface.o
                0x080013a8                MCI_StopMotor
 .text.MCI_FaultAcknowledged
                0x080013e0       0x24 ./Application/User/mc_interface.o
                0x080013e0                MCI_FaultAcknowledged
 .text.MCI_GetFaultState
                0x08001404        0xc ./Application/User/mc_interface.o
                0x08001404                MCI_GetFaultState
 .text.MCI_GetControlMode
                0x08001410        0x8 ./Application/User/mc_interface.o
                0x08001410                MCI_GetControlMode
 .text.MCI_GetImposedMotorDirection
                0x08001418       0x44 ./Application/User/mc_interface.o
                0x08001418                MCI_GetImposedMotorDirection
 .text.MCI_GetLastRampFinalSpeed
                0x0800145c        0x8 ./Application/User/mc_interface.o
                0x0800145c                MCI_GetLastRampFinalSpeed
 .text.MCI_GetLastRampFinalTorque
                0x08001464        0x8 ./Application/User/mc_interface.o
                0x08001464                MCI_GetLastRampFinalTorque
 .text.MCI_GetLastRampFinalDuration
                0x0800146c        0x4 ./Application/User/mc_interface.o
                0x0800146c                MCI_GetLastRampFinalDuration
 .text.MCI_StopRamp
                0x08001470        0xc ./Application/User/mc_interface.o
                0x08001470                MCI_StopRamp
 .text.MCI_GetAvrgMecSpeedUnit
                0x0800147c        0x8 ./Application/User/mc_interface.o
                0x0800147c                MCI_GetAvrgMecSpeedUnit
 .text.MCI_GetMecSpeedRefUnit
                0x08001484        0x8 ./Application/User/mc_interface.o
                0x08001484                MCI_GetMecSpeedRefUnit
 .text.MCI_GetIab
                0x0800148c       0x1c ./Application/User/mc_interface.o
                0x0800148c                MCI_GetIab
 .text.MCI_GetIalphabeta
                0x080014a8       0x1c ./Application/User/mc_interface.o
                0x080014a8                MCI_GetIalphabeta
 .text.MCI_GetIqd
                0x080014c4       0x1c ./Application/User/mc_interface.o
                0x080014c4                MCI_GetIqd
 .text.MCI_GetIqdref
                0x080014e0       0x1c ./Application/User/mc_interface.o
                0x080014e0                MCI_GetIqdref
 .text.MCI_GetVqd
                0x080014fc       0x1c ./Application/User/mc_interface.o
                0x080014fc                MCI_GetVqd
 .text.MCI_GetValphabeta
                0x08001518       0x1c ./Application/User/mc_interface.o
                0x08001518                MCI_GetValphabeta
 .text.MCI_GetTeref
                0x08001534        0x8 ./Application/User/mc_interface.o
                0x08001534                MCI_GetTeref
 .text.MCI_Clear_Iqdref
                0x0800153c       0x14 ./Application/User/mc_interface.o
                0x0800153c                MCI_Clear_Iqdref
 .text.MCM_Clarke
                0x08001550       0x54 ./Application/User/mc_math.o
                0x08001550                MCM_Clarke
 .text.MCM_Trig_Functions
                0x080015a4       0x2c ./Application/User/mc_math.o
                0x080015a4                MCM_Trig_Functions
 .text.MCM_Park
                0x080015d0       0x84 ./Application/User/mc_math.o
                0x080015d0                MCM_Park
 .text.MCM_Rev_Park
                0x08001654       0x3c ./Application/User/mc_math.o
                0x08001654                MCM_Rev_Park
 .text.MCM_Sqrt
                0x08001690       0x20 ./Application/User/mc_math.o
                0x08001690                MCM_Sqrt
 .text.MCboot   0x080016b0       0x6c ./Application/User/mc_tasks.o
                0x080016b0                MCboot
 .text.TSK_SetChargeBootCapDelayM1
                0x0800171c        0xc ./Application/User/mc_tasks.o
                0x0800171c                TSK_SetChargeBootCapDelayM1
 .text.TSK_ChargeBootCapDelayHasElapsedM1
                0x08001728       0x14 ./Application/User/mc_tasks.o
                0x08001728                TSK_ChargeBootCapDelayHasElapsedM1
 .text.TSK_SetStopPermanencyTimeM1
                0x0800173c        0xc ./Application/User/mc_tasks.o
                0x0800173c                TSK_SetStopPermanencyTimeM1
 .text.TSK_StopPermanencyTimeHasElapsedM1
                0x08001748       0x14 ./Application/User/mc_tasks.o
                0x08001748                TSK_StopPermanencyTimeHasElapsedM1
 .text.TSK_HighFrequencyTask
                0x0800175c       0x2c ./Application/User/mc_tasks.o
                0x0800175c                TSK_HighFrequencyTask
 .text.TSK_SafetyTask_PWMOFF
                0x08001788       0xa8 ./Application/User/mc_tasks.o
                0x08001788                TSK_SafetyTask_PWMOFF
 .text.TSK_SafetyTask
                0x08001830       0x20 ./Application/User/mc_tasks.o
                0x08001830                TSK_SafetyTask
 .text.MC_RunMotorControlTasks
                0x08001850       0x90 ./Application/User/mc_tasks.o
                0x08001850                MC_RunMotorControlTasks
 .text.TSK_HardwareFaultTask
                0x080018e0       0x1c ./Application/User/mc_tasks.o
                0x080018e0                TSK_HardwareFaultTask
 .text.UI_HandleStartStopButton_cb
                0x080018fc       0x18 ./Application/User/mc_tasks.o
                0x080018fc                UI_HandleStartStopButton_cb
 .text.mc_lock_pins
                0x08001914      0x158 ./Application/User/mc_tasks.o
                0x08001914                mc_lock_pins
 .text.FOC_Clear
                0x08001a6c       0x74 ./Application/User/mc_tasks_foc.o
                0x08001a6c                FOC_Clear
 .text.FOC_Init
                0x08001ae0       0xe0 ./Application/User/mc_tasks_foc.o
                0x08001ae0                FOC_Init
 .text.FOC_InitAdditionalMethods
                0x08001bc0        0x4 ./Application/User/mc_tasks_foc.o
                0x08001bc0                FOC_InitAdditionalMethods
 .text.FOC_CalcCurrRef
                0x08001bc4       0x44 ./Application/User/mc_tasks_foc.o
                0x08001bc4                FOC_CalcCurrRef
 .text.TSK_MediumFrequencyTaskM1
                0x08001c08      0x30c ./Application/User/mc_tasks_foc.o
                0x08001c08                TSK_MediumFrequencyTaskM1
 .text.FOC_HighFrequencyTask
                0x08001f14      0x168 ./Application/User/mc_tasks_foc.o
                0x08001f14                FOC_HighFrequencyTask
 .text.RI_SetRegCommandParser
                0x0800207c       0xd8 ./Application/User/mcp.o
                0x0800207c                RI_SetRegCommandParser
 .text.RI_GetRegCommandParser
                0x08002154       0x90 ./Application/User/mcp.o
                0x08002154                RI_GetRegCommandParser
 .text.MCP_ReceivedPacket
                0x080021e4      0x184 ./Application/User/mcp.o
                0x080021e4                MCP_ReceivedPacket
 .text.MX_MotorControl_Init
                0x08002368       0x3c ./Application/User/motorcontrol.o
                0x08002368                MX_MotorControl_Init
 .text.startTimers
                0x080023a4       0x9c ./Application/User/pwm_common.o
                0x080023a4                startTimers
 .text.waitForPolarizationEnd
                0x08002440       0x3c ./Application/User/pwm_common.o
                0x08002440                waitForPolarizationEnd
 .text.PWMC_SetPhaseVoltage
                0x0800247c      0x290 ./Application/User/pwm_curr_fdbk.o
                0x0800247c                PWMC_SetPhaseVoltage
 .text.PWMC_SwitchOffPWM
                0x0800270c        0x4 ./Application/User/pwm_curr_fdbk.o
                0x0800270c                PWMC_SwitchOffPWM
 .text.PWMC_SwitchOnPWM
                0x08002710        0x4 ./Application/User/pwm_curr_fdbk.o
                0x08002710                PWMC_SwitchOnPWM
 .text.PWMC_CurrentReadingCalibr
                0x08002714       0x34 ./Application/User/pwm_curr_fdbk.o
                0x08002714                PWMC_CurrentReadingCalibr
 .text.PWMC_OCP_Handler
                0x08002748       0x40 ./Application/User/pwm_curr_fdbk.o
                0x08002748                PWMC_OCP_Handler
 .text.PWMC_OVP_Handler
                0x08002788       0x1c ./Application/User/pwm_curr_fdbk.o
                0x08002788                PWMC_OVP_Handler
 .text.PWMC_IsFaultOccurred
                0x080027a4       0x38 ./Application/User/pwm_curr_fdbk.o
                0x080027a4                PWMC_IsFaultOccurred
 .text.RI_SetRegisterGlobal
                0x080027dc      0x104 ./Application/User/register_interface.o
                0x080027dc                RI_SetRegisterGlobal
 .text.RI_SetRegisterMotor1
                0x080028e0      0x5c4 ./Application/User/register_interface.o
                0x080028e0                RI_SetRegisterMotor1
 .text.RI_GetRegisterGlobal
                0x08002ea4      0x134 ./Application/User/register_interface.o
                0x08002ea4                RI_GetRegisterGlobal
 .text.RI_GetRegisterMotor1
                0x08002fd8      0x7ac ./Application/User/register_interface.o
                0x08002fd8                RI_GetRegisterMotor1
 .text.RI_GetIDSize
                0x08003784       0x18 ./Application/User/register_interface.o
                0x08003784                RI_GetIDSize
 .text.RI_GetPtrReg
                0x0800379c      0x130 ./Application/User/register_interface.o
                0x0800379c                RI_GetPtrReg
 .text.RCM_RegisterRegConv
                0x080038cc      0x1f8 ./Application/User/regular_conversion_manager.o
                0x080038cc                RCM_RegisterRegConv
 .text.RCM_ExecRegularConv
                0x08003ac4      0x190 ./Application/User/regular_conversion_manager.o
                0x08003ac4                RCM_ExecRegularConv
 .text.RCM_ExecUserConv
                0x08003c54       0x68 ./Application/User/regular_conversion_manager.o
                0x08003c54                RCM_ExecUserConv
 .text.RCM_ExecNextConv
                0x08003cbc       0x88 ./Application/User/regular_conversion_manager.o
                0x08003cbc                RCM_ExecNextConv
 .text.RCM_ReadOngoingConv
                0x08003d44       0x58 ./Application/User/regular_conversion_manager.o
                0x08003d44                RCM_ReadOngoingConv
 .text.USART2_IRQHandler
                0x08003d9c      0x11c ./Application/User/stm32_mc_common_it.o
                0x08003d9c                USART2_IRQHandler
 .text.HardFault_Handler
                0x08003eb8        0x8 ./Application/User/stm32_mc_common_it.o
                0x08003eb8                HardFault_Handler
 .text.SysTick_Handler
                0x08003ec0       0x44 ./Application/User/stm32_mc_common_it.o
                0x08003ec0                SysTick_Handler
 .text.EXTI15_10_IRQHandler
                0x08003f04       0x18 ./Application/User/stm32_mc_common_it.o
                0x08003f04                EXTI15_10_IRQHandler
 .text.HAL_MspInit
                0x08003f1c       0x40 ./Application/User/stm32g4xx_hal_msp.o
                0x08003f1c                HAL_MspInit
 *fill*         0x08003f5c        0x4 
 .text.HAL_ADC_MspInit
                0x08003f60      0x140 ./Application/User/stm32g4xx_hal_msp.o
                0x08003f60                HAL_ADC_MspInit
 .text.HAL_COMP_MspInit
                0x080040a0       0xe8 ./Application/User/stm32g4xx_hal_msp.o
                0x080040a0                HAL_COMP_MspInit
 .text.HAL_CORDIC_MspInit
                0x08004188       0x30 ./Application/User/stm32g4xx_hal_msp.o
                0x08004188                HAL_CORDIC_MspInit
 .text.HAL_DAC_MspInit
                0x080041b8       0x30 ./Application/User/stm32g4xx_hal_msp.o
                0x080041b8                HAL_DAC_MspInit
 .text.HAL_OPAMP_MspInit
                0x080041e8       0xe8 ./Application/User/stm32g4xx_hal_msp.o
                0x080041e8                HAL_OPAMP_MspInit
 .text.HAL_TIM_PWM_MspInit
                0x080042d0       0x2c ./Application/User/stm32g4xx_hal_msp.o
                0x080042d0                HAL_TIM_PWM_MspInit
 .text.HAL_TIM_MspPostInit
                0x080042fc       0xb8 ./Application/User/stm32g4xx_hal_msp.o
                0x080042fc                HAL_TIM_MspPostInit
 .text.HAL_UART_MspInit
                0x080043b4       0xfc ./Application/User/stm32g4xx_hal_msp.o
                0x080043b4                HAL_UART_MspInit
 .text.ADC1_2_IRQHandler
                0x080044b0       0x10 ./Application/User/stm32g4xx_mc_it.o
                0x080044b0                ADC1_2_IRQHandler
 .text.TIM1_UP_TIM16_IRQHandler
                0x080044c0       0x18 ./Application/User/stm32g4xx_mc_it.o
                0x080044c0                TIM1_UP_TIM16_IRQHandler
 .text.TIM1_BRK_TIM15_IRQHandler
                0x080044d8       0x3c ./Application/User/stm32g4xx_mc_it.o
                0x080044d8                TIM1_BRK_TIM15_IRQHandler
 .text.UASPEP_INIT
                0x08004514       0x84 ./Application/User/usart_aspep_driver.o
                0x08004514                UASPEP_INIT
 .text.UASPEP_CFG_TRANSMISSION
                0x08004598       0x38 ./Application/User/usart_aspep_driver.o
                0x08004598                UASPEP_CFG_TRANSMISSION
 .text.UASPEP_CFG_RECEPTION
                0x080045d0       0x38 ./Application/User/usart_aspep_driver.o
                0x080045d0                UASPEP_CFG_RECEPTION
 .text.UASPEP_IDLE_ENABLE
                0x08004608       0x18 ./Application/User/usart_aspep_driver.o
                0x08004608                UASPEP_IDLE_ENABLE
 .text.SystemInit
                0x08004620       0x14 ./Drivers/CMSIS/system_stm32g4xx.o
                0x08004620                SystemInit
 .text.HAL_InitTick
                0x08004634       0x4c ./Drivers/STM32G4xx_HAL_Driver/stm32g4xx_hal.o
                0x08004634                HAL_InitTick
 .text.HAL_Init
                0x08004680       0x30 ./Drivers/STM32G4xx_HAL_Driver/stm32g4xx_hal.o
                0x08004680                HAL_Init
 .text.HAL_IncTick
                0x080046b0       0x18 ./Drivers/STM32G4xx_HAL_Driver/stm32g4xx_hal.o
                0x080046b0                HAL_IncTick
 .text.HAL_GetTick
                0x080046c8        0xc ./Drivers/STM32G4xx_HAL_Driver/stm32g4xx_hal.o
                0x080046c8                HAL_GetTick
 .text.HAL_ADC_Init
                0x080046d4      0x1f4 ./Drivers/STM32G4xx_HAL_Driver/stm32g4xx_hal_adc.o
                0x080046d4                HAL_ADC_Init
 .text.HAL_ADC_ConfigChannel
                0x080048c8      0x4a4 ./Drivers/STM32G4xx_HAL_Driver/stm32g4xx_hal_adc.o
                0x080048c8                HAL_ADC_ConfigChannel
 .text.HAL_ADCEx_InjectedConfigChannel
                0x08004d6c      0x5c0 ./Drivers/STM32G4xx_HAL_Driver/stm32g4xx_hal_adc_ex.o
                0x08004d6c                HAL_ADCEx_InjectedConfigChannel
 .text.HAL_ADCEx_MultiModeConfigChannel
                0x0800532c       0xcc ./Drivers/STM32G4xx_HAL_Driver/stm32g4xx_hal_adc_ex.o
                0x0800532c                HAL_ADCEx_MultiModeConfigChannel
 .text.HAL_COMP_Init
                0x080053f8      0x140 ./Drivers/STM32G4xx_HAL_Driver/stm32g4xx_hal_comp.o
                0x080053f8                HAL_COMP_Init
 .text.HAL_CORDIC_Init
                0x08005538       0x34 ./Drivers/STM32G4xx_HAL_Driver/stm32g4xx_hal_cordic.o
                0x08005538                HAL_CORDIC_Init
 .text.HAL_NVIC_SetPriorityGrouping
                0x0800556c       0x24 ./Drivers/STM32G4xx_HAL_Driver/stm32g4xx_hal_cortex.o
                0x0800556c                HAL_NVIC_SetPriorityGrouping
 .text.HAL_NVIC_SetPriority
                0x08005590       0x78 ./Drivers/STM32G4xx_HAL_Driver/stm32g4xx_hal_cortex.o
                0x08005590                HAL_NVIC_SetPriority
 .text.HAL_NVIC_EnableIRQ
                0x08005608       0x1c ./Drivers/STM32G4xx_HAL_Driver/stm32g4xx_hal_cortex.o
                0x08005608                HAL_NVIC_EnableIRQ
 .text.HAL_NVIC_SystemReset
                0x08005624       0x24 ./Drivers/STM32G4xx_HAL_Driver/stm32g4xx_hal_cortex.o
                0x08005624                HAL_NVIC_SystemReset
 .text.HAL_SYSTICK_Config
                0x08005648       0x34 ./Drivers/STM32G4xx_HAL_Driver/stm32g4xx_hal_cortex.o
                0x08005648                HAL_SYSTICK_Config
 .text.HAL_SYSTICK_Callback
                0x0800567c        0x4 ./Drivers/STM32G4xx_HAL_Driver/stm32g4xx_hal_cortex.o
                0x0800567c                HAL_SYSTICK_Callback
 .text.HAL_SYSTICK_IRQHandler
                0x08005680        0x8 ./Drivers/STM32G4xx_HAL_Driver/stm32g4xx_hal_cortex.o
                0x08005680                HAL_SYSTICK_IRQHandler
 .text.HAL_DAC_Init
                0x08005688       0x2c ./Drivers/STM32G4xx_HAL_Driver/stm32g4xx_hal_dac.o
                0x08005688                HAL_DAC_Init
 .text.HAL_DAC_ConfigChannel
                0x080056b4      0x1f0 ./Drivers/STM32G4xx_HAL_Driver/stm32g4xx_hal_dac.o
                0x080056b4                HAL_DAC_ConfigChannel
 .text.HAL_DMA_Init
                0x080058a4      0x124 ./Drivers/STM32G4xx_HAL_Driver/stm32g4xx_hal_dma.o
                0x080058a4                HAL_DMA_Init
 .text.HAL_GPIO_Init
                0x080059c8      0x210 ./Drivers/STM32G4xx_HAL_Driver/stm32g4xx_hal_gpio.o
                0x080059c8                HAL_GPIO_Init
 .text.HAL_OPAMP_Init
                0x08005bd8       0xf0 ./Drivers/STM32G4xx_HAL_Driver/stm32g4xx_hal_opamp.o
                0x08005bd8                HAL_OPAMP_Init
 .text.HAL_PWREx_ControlVoltageScaling
                0x08005cc8       0xe4 ./Drivers/STM32G4xx_HAL_Driver/stm32g4xx_hal_pwr_ex.o
                0x08005cc8                HAL_PWREx_ControlVoltageScaling
 .text.HAL_PWREx_DisableUCPDDeadBattery
                0x08005dac       0x10 ./Drivers/STM32G4xx_HAL_Driver/stm32g4xx_hal_pwr_ex.o
                0x08005dac                HAL_PWREx_DisableUCPDDeadBattery
 .text.HAL_RCC_OscConfig
                0x08005dbc      0x48c ./Drivers/STM32G4xx_HAL_Driver/stm32g4xx_hal_rcc.o
                0x08005dbc                HAL_RCC_OscConfig
 .text.HAL_RCC_GetSysClockFreq
                0x08006248       0x70 ./Drivers/STM32G4xx_HAL_Driver/stm32g4xx_hal_rcc.o
                0x08006248                HAL_RCC_GetSysClockFreq
 .text.HAL_RCC_ClockConfig
                0x080062b8      0x208 ./Drivers/STM32G4xx_HAL_Driver/stm32g4xx_hal_rcc.o
                0x080062b8                HAL_RCC_ClockConfig
 .text.HAL_RCC_GetHCLKFreq
                0x080064c0        0xc ./Drivers/STM32G4xx_HAL_Driver/stm32g4xx_hal_rcc.o
                0x080064c0                HAL_RCC_GetHCLKFreq
 .text.HAL_RCC_GetPCLK1Freq
                0x080064cc       0x24 ./Drivers/STM32G4xx_HAL_Driver/stm32g4xx_hal_rcc.o
                0x080064cc                HAL_RCC_GetPCLK1Freq
 .text.HAL_RCC_GetPCLK2Freq
                0x080064f0       0x24 ./Drivers/STM32G4xx_HAL_Driver/stm32g4xx_hal_rcc.o
                0x080064f0                HAL_RCC_GetPCLK2Freq
 .text.HAL_RCC_EnableCSS
                0x08006514       0x10 ./Drivers/STM32G4xx_HAL_Driver/stm32g4xx_hal_rcc.o
                0x08006514                HAL_RCC_EnableCSS
 .text.HAL_RCCEx_PeriphCLKConfig
                0x08006524      0x2a0 ./Drivers/STM32G4xx_HAL_Driver/stm32g4xx_hal_rcc_ex.o
                0x08006524                HAL_RCCEx_PeriphCLKConfig
 .text.TIM_OC1_SetConfig
                0x080067c4       0x78 ./Drivers/STM32G4xx_HAL_Driver/stm32g4xx_hal_tim.o
 .text.TIM_OC3_SetConfig
                0x0800683c       0x80 ./Drivers/STM32G4xx_HAL_Driver/stm32g4xx_hal_tim.o
 .text.TIM_OC4_SetConfig
                0x080068bc       0x84 ./Drivers/STM32G4xx_HAL_Driver/stm32g4xx_hal_tim.o
 .text.HAL_TIM_PWM_Init
                0x08006940       0xfc ./Drivers/STM32G4xx_HAL_Driver/stm32g4xx_hal_tim.o
                0x08006940                HAL_TIM_PWM_Init
 .text.TIM_OC2_SetConfig
                0x08006a3c       0x84 ./Drivers/STM32G4xx_HAL_Driver/stm32g4xx_hal_tim.o
                0x08006a3c                TIM_OC2_SetConfig
 .text.HAL_TIM_PWM_ConfigChannel
                0x08006ac0      0x1cc ./Drivers/STM32G4xx_HAL_Driver/stm32g4xx_hal_tim.o
                0x08006ac0                HAL_TIM_PWM_ConfigChannel
 .text.HAL_TIMEx_MasterConfigSynchronization
                0x08006c8c       0xa4 ./Drivers/STM32G4xx_HAL_Driver/stm32g4xx_hal_tim_ex.o
                0x08006c8c                HAL_TIMEx_MasterConfigSynchronization
 .text.HAL_TIMEx_ConfigBreakDeadTime
                0x08006d30       0x9c ./Drivers/STM32G4xx_HAL_Driver/stm32g4xx_hal_tim_ex.o
                0x08006d30                HAL_TIMEx_ConfigBreakDeadTime
 .text.HAL_TIMEx_ConfigBreakInput
                0x08006dcc       0xb0 ./Drivers/STM32G4xx_HAL_Driver/stm32g4xx_hal_tim_ex.o
                0x08006dcc                HAL_TIMEx_ConfigBreakInput
 .text.UART_SetConfig
                0x08006e7c      0x294 ./Drivers/STM32G4xx_HAL_Driver/stm32g4xx_hal_uart.o
                0x08006e7c                UART_SetConfig
 .text.UART_AdvFeatureConfig
                0x08007110       0xb0 ./Drivers/STM32G4xx_HAL_Driver/stm32g4xx_hal_uart.o
                0x08007110                UART_AdvFeatureConfig
 .text.UART_CheckIdleState
                0x080071c0      0x258 ./Drivers/STM32G4xx_HAL_Driver/stm32g4xx_hal_uart.o
                0x080071c0                UART_CheckIdleState
 .text.HAL_UART_Init
                0x08007418       0x68 ./Drivers/STM32G4xx_HAL_Driver/stm32g4xx_hal_uart.o
                0x08007418                HAL_UART_Init
 .text.HAL_UARTEx_DisableFifoMode
                0x08007480       0x3c ./Drivers/STM32G4xx_HAL_Driver/stm32g4xx_hal_uart_ex.o
                0x08007480                HAL_UARTEx_DisableFifoMode
 .text.HAL_UARTEx_SetTxFifoThreshold
                0x080074bc       0x84 ./Drivers/STM32G4xx_HAL_Driver/stm32g4xx_hal_uart_ex.o
                0x080074bc                HAL_UARTEx_SetTxFifoThreshold
 .text.HAL_UARTEx_SetRxFifoThreshold
                0x08007540       0x84 ./Drivers/STM32G4xx_HAL_Driver/stm32g4xx_hal_uart_ex.o
                0x08007540                HAL_UARTEx_SetRxFifoThreshold
 .text.VBS_GetAvBusVoltage_V
                0x080075c4        0xc ./Middlewares/MotorControl/bus_voltage_sensor.o
                0x080075c4                VBS_GetAvBusVoltage_V
 .text.Circle_Limitation
                0x080075d0       0x5c ./Middlewares/MotorControl/circle_limitation.o
                0x080075d0                Circle_Limitation
 .text.MCPA_dataLog
                0x0800762c      0x180 ./Middlewares/MotorControl/mcpa.o
                0x0800762c                MCPA_dataLog
 .text.MCPA_flushDataLog
                0x080077ac       0x5c ./Middlewares/MotorControl/mcpa.o
                0x080077ac                MCPA_flushDataLog
 .text.MCPA_cfgLog
                0x08007808       0xf4 ./Middlewares/MotorControl/mcpa.o
                0x08007808                MCPA_cfgLog
 .text.NTC_SetFaultState
                0x080078fc       0x2c ./Middlewares/MotorControl/ntc_temperature_sensor.o
                0x080078fc                NTC_SetFaultState
 .text.NTC_Init
                0x08007928       0x24 ./Middlewares/MotorControl/ntc_temperature_sensor.o
                0x08007928                NTC_Init
 .text.NTC_CalcAvTemp
                0x0800794c       0x30 ./Middlewares/MotorControl/ntc_temperature_sensor.o
                0x0800794c                NTC_CalcAvTemp
 .text.NTC_GetAvTemp_C
                0x0800797c       0x24 ./Middlewares/MotorControl/ntc_temperature_sensor.o
                0x0800797c                NTC_GetAvTemp_C
 .text.PID_HandleInit
                0x080079a0       0x10 ./Middlewares/MotorControl/pid_regulator.o
                0x080079a0                PID_HandleInit
 .text.PID_SetKP
                0x080079b0        0x4 ./Middlewares/MotorControl/pid_regulator.o
                0x080079b0                PID_SetKP
 .text.PID_SetKI
                0x080079b4        0x4 ./Middlewares/MotorControl/pid_regulator.o
                0x080079b4                PID_SetKI
 .text.PID_GetKP
                0x080079b8        0x8 ./Middlewares/MotorControl/pid_regulator.o
                0x080079b8                PID_GetKP
 .text.PID_GetKI
                0x080079c0        0x8 ./Middlewares/MotorControl/pid_regulator.o
                0x080079c0                PID_GetKI
 .text.PID_SetIntegralTerm
                0x080079c8        0x4 ./Middlewares/MotorControl/pid_regulator.o
                0x080079c8                PID_SetIntegralTerm
 .text.PID_GetKPDivisorPOW2
                0x080079cc        0x4 ./Middlewares/MotorControl/pid_regulator.o
                0x080079cc                PID_GetKPDivisorPOW2
 .text.PID_SetKPDivisorPOW2
                0x080079d0        0xc ./Middlewares/MotorControl/pid_regulator.o
                0x080079d0                PID_SetKPDivisorPOW2
 .text.PID_GetKIDivisor
                0x080079dc        0x4 ./Middlewares/MotorControl/pid_regulator.o
                0x080079dc                PID_GetKIDivisor
 .text.PID_GetKIDivisorPOW2
                0x080079e0        0x4 ./Middlewares/MotorControl/pid_regulator.o
                0x080079e0                PID_GetKIDivisorPOW2
 .text.PID_SetLowerIntegralTermLimit
                0x080079e4        0x4 ./Middlewares/MotorControl/pid_regulator.o
                0x080079e4                PID_SetLowerIntegralTermLimit
 .text.PID_SetUpperIntegralTermLimit
                0x080079e8        0x4 ./Middlewares/MotorControl/pid_regulator.o
                0x080079e8                PID_SetUpperIntegralTermLimit
 .text.PID_SetKIDivisorPOW2
                0x080079ec       0x28 ./Middlewares/MotorControl/pid_regulator.o
                0x080079ec                PID_SetKIDivisorPOW2
 .text.PID_SetKD
                0x08007a14        0x4 ./Middlewares/MotorControl/pid_regulator.o
                0x08007a14                PID_SetKD
 .text.PID_GetKD
                0x08007a18        0x8 ./Middlewares/MotorControl/pid_regulator.o
                0x08007a18                PID_GetKD
 .text.PID_GetKDDivisorPOW2
                0x08007a20        0x4 ./Middlewares/MotorControl/pid_regulator.o
                0x08007a20                PID_GetKDDivisorPOW2
 .text.PID_SetKDDivisorPOW2
                0x08007a24        0xc ./Middlewares/MotorControl/pid_regulator.o
                0x08007a24                PID_SetKDDivisorPOW2
 .text.PI_Controller
                0x08007a30       0x80 ./Middlewares/MotorControl/pid_regulator.o
                0x08007a30                PI_Controller
 .text.PQD_CalcElMotorPower
                0x08007ab0       0x38 ./Middlewares/MotorControl/pqd_motor_power_measurement.o
                0x08007ab0                PQD_CalcElMotorPower
 .text.PQD_GetAvrgElMotorPowerW
                0x08007ae8       0x34 ./Middlewares/MotorControl/pqd_motor_power_measurement.o
                0x08007ae8                PQD_GetAvrgElMotorPowerW
 .text.R3_2_ADCxInit
                0x08007b1c       0xbc ./Middlewares/MotorControl/r3_2_g4xx_pwm_curr_fdbk.o
 .text.R3_2_GetPhaseCurrents
                0x08007bd8      0x17c ./Middlewares/MotorControl/r3_2_g4xx_pwm_curr_fdbk.o
                0x08007bd8                R3_2_GetPhaseCurrents
 .text.R3_2_SetADCSampPointPolarization
                0x08007d54       0x44 ./Middlewares/MotorControl/r3_2_g4xx_pwm_curr_fdbk.o
                0x08007d54                R3_2_SetADCSampPointPolarization
 .text.R3_2_HFCurrentsPolarizationAB
                0x08007d98       0x54 ./Middlewares/MotorControl/r3_2_g4xx_pwm_curr_fdbk.o
 .text.R3_2_HFCurrentsPolarizationC
                0x08007dec       0x4c ./Middlewares/MotorControl/r3_2_g4xx_pwm_curr_fdbk.o
 .text.R3_2_SwitchOnPWM
                0x08007e38       0x94 ./Middlewares/MotorControl/r3_2_g4xx_pwm_curr_fdbk.o
                0x08007e38                R3_2_SwitchOnPWM
 .text.R3_2_SwitchOffPWM
                0x08007ecc       0x7c ./Middlewares/MotorControl/r3_2_g4xx_pwm_curr_fdbk.o
                0x08007ecc                R3_2_SwitchOffPWM
 .text.R3_2_RLGetPhaseCurrents
                0x08007f48       0x54 ./Middlewares/MotorControl/r3_2_g4xx_pwm_curr_fdbk.o
 .text.R3_2_RLSwitchOnPWM
                0x08007f9c       0xac ./Middlewares/MotorControl/r3_2_g4xx_pwm_curr_fdbk.o
 .text.R3_2_TurnOnLowSides
                0x08008048       0x54 ./Middlewares/MotorControl/r3_2_g4xx_pwm_curr_fdbk.o
                0x08008048                R3_2_TurnOnLowSides
 .text.R3_2_SetAOReferenceVoltage
                0x0800809c       0x98 ./Middlewares/MotorControl/r3_2_g4xx_pwm_curr_fdbk.o
 .text.R3_2_RLTurnOnLowSides
                0x08008134       0x50 ./Middlewares/MotorControl/r3_2_g4xx_pwm_curr_fdbk.o
 .text.R3_2_Init
                0x08008184      0x27c ./Middlewares/MotorControl/r3_2_g4xx_pwm_curr_fdbk.o
                0x08008184                R3_2_Init
 .text.R3_2_SetOffsetCalib
                0x08008400       0x1c ./Middlewares/MotorControl/r3_2_g4xx_pwm_curr_fdbk.o
                0x08008400                R3_2_SetOffsetCalib
 .text.R3_2_GetOffsetCalib
                0x0800841c       0x10 ./Middlewares/MotorControl/r3_2_g4xx_pwm_curr_fdbk.o
                0x0800841c                R3_2_GetOffsetCalib
 .text.R3_2_CurrentReadingPolarization
                0x0800842c      0x148 ./Middlewares/MotorControl/r3_2_g4xx_pwm_curr_fdbk.o
                0x0800842c                R3_2_CurrentReadingPolarization
 .text.R3_2_SetADCSampPointSectX
                0x08008574       0x88 ./Middlewares/MotorControl/r3_2_g4xx_pwm_curr_fdbk.o
                0x08008574                R3_2_SetADCSampPointSectX
 .text.R3_2_TIMx_UP_IRQHandler
                0x080085fc       0x80 ./Middlewares/MotorControl/r3_2_g4xx_pwm_curr_fdbk.o
                0x080085fc                R3_2_TIMx_UP_IRQHandler
 .text.R3_2_RLDetectionModeEnable
                0x0800867c       0xd8 ./Middlewares/MotorControl/r3_2_g4xx_pwm_curr_fdbk.o
                0x0800867c                R3_2_RLDetectionModeEnable
 .text.R3_2_RLDetectionModeDisable
                0x08008754      0x12c ./Middlewares/MotorControl/r3_2_g4xx_pwm_curr_fdbk.o
                0x08008754                R3_2_RLDetectionModeDisable
 .text.R3_2_RLDetectionModeSetDuty
                0x08008880       0x84 ./Middlewares/MotorControl/r3_2_g4xx_pwm_curr_fdbk.o
                0x08008880                R3_2_RLDetectionModeSetDuty
 .text.R3_2_RLTurnOnLowSidesAndStart
                0x08008904       0x80 ./Middlewares/MotorControl/r3_2_g4xx_pwm_curr_fdbk.o
                0x08008904                R3_2_RLTurnOnLowSidesAndStart
 .text.RVBS_Clear
                0x08008984       0x3c ./Middlewares/MotorControl/r_divider_bus_voltage_sensor.o
                0x08008984                RVBS_Clear
 .text.RVBS_Init
                0x080089c0        0x8 ./Middlewares/MotorControl/r_divider_bus_voltage_sensor.o
                0x080089c0                RVBS_Init
 .text.RVBS_CheckFaultState
                0x080089c8       0x50 ./Middlewares/MotorControl/r_divider_bus_voltage_sensor.o
                0x080089c8                RVBS_CheckFaultState
 .text.RVBS_CalcAvVbus
                0x08008a18       0x5c ./Middlewares/MotorControl/r_divider_bus_voltage_sensor.o
                0x08008a18                RVBS_CalcAvVbus
 .text.REMNG_Init
                0x08008a74       0x10 ./Middlewares/MotorControl/ramp_ext_mngr.o
                0x08008a74                REMNG_Init
 .text.REMNG_Calc
                0x08008a84       0x44 ./Middlewares/MotorControl/ramp_ext_mngr.o
                0x08008a84                REMNG_Calc
 .text.REMNG_RampCompleted
                0x08008ac8        0xc ./Middlewares/MotorControl/ramp_ext_mngr.o
                0x08008ac8                REMNG_RampCompleted
 .text.getScalingFactor
                0x08008ad4       0x38 ./Middlewares/MotorControl/ramp_ext_mngr.o
                0x08008ad4                getScalingFactor
 .text.REMNG_ExecRamp
                0x08008b0c       0x8c ./Middlewares/MotorControl/ramp_ext_mngr.o
                0x08008b0c                REMNG_ExecRamp
 .text.RUC_Init
                0x08008b98       0x7c ./Middlewares/MotorControl/revup_ctrl.o
                0x08008b98                RUC_Init
 .text.RUC_Clear
                0x08008c14       0x98 ./Middlewares/MotorControl/revup_ctrl.o
                0x08008c14                RUC_Clear
 .text.RUC_Exec
                0x08008cac       0x6c ./Middlewares/MotorControl/revup_ctrl.o
                0x08008cac                RUC_Exec
 .text.RUC_FirstAccelerationStageReached
                0x08008d18       0x14 ./Middlewares/MotorControl/revup_ctrl.o
                0x08008d18                RUC_FirstAccelerationStageReached
 .text.SPD_GetAvrgMecSpeedUnit
                0x08008d2c        0x8 ./Middlewares/MotorControl/speed_pos_fdbk.o
                0x08008d2c                SPD_GetAvrgMecSpeedUnit
 .text.SPD_IsMecSpeedReliable
                0x08008d34       0x6c ./Middlewares/MotorControl/speed_pos_fdbk.o
                0x08008d34                SPD_IsMecSpeedReliable
 .text.SPD_GetS16Speed
                0x08008da0       0x14 ./Middlewares/MotorControl/speed_pos_fdbk.o
                0x08008da0                SPD_GetS16Speed
 .text.STC_Init
                0x08008db4       0x2c ./Middlewares/MotorControl/speed_torq_ctrl.o
                0x08008db4                STC_Init
 .text.STC_SetSpeedSensor
                0x08008de0        0x4 ./Middlewares/MotorControl/speed_torq_ctrl.o
                0x08008de0                STC_SetSpeedSensor
 .text.STC_Clear
                0x08008de4       0x10 ./Middlewares/MotorControl/speed_torq_ctrl.o
                0x08008de4                STC_Clear
 .text.STC_GetMecSpeedRefUnit
                0x08008df4        0x8 ./Middlewares/MotorControl/speed_torq_ctrl.o
                0x08008df4                STC_GetMecSpeedRefUnit
 .text.STC_SetControlMode
                0x08008dfc        0x8 ./Middlewares/MotorControl/speed_torq_ctrl.o
                0x08008dfc                STC_SetControlMode
 .text.STC_ExecRamp
                0x08008e04       0x90 ./Middlewares/MotorControl/speed_torq_ctrl.o
                0x08008e04                STC_ExecRamp
 .text.STC_CalcTorqueReference
                0x08008e94       0x6c ./Middlewares/MotorControl/speed_torq_ctrl.o
                0x08008e94                STC_CalcTorqueReference
 .text.STC_GetMecSpeedRefUnitDefault
                0x08008f00        0x8 ./Middlewares/MotorControl/speed_torq_ctrl.o
                0x08008f00                STC_GetMecSpeedRefUnitDefault
 .text.STC_GetDefaultIqdref
                0x08008f08       0x1c ./Middlewares/MotorControl/speed_torq_ctrl.o
                0x08008f08                STC_GetDefaultIqdref
 .text.STC_ForceSpeedReferenceToCurrentSpeed
                0x08008f24       0x10 ./Middlewares/MotorControl/speed_torq_ctrl.o
                0x08008f24                STC_ForceSpeedReferenceToCurrentSpeed
 .text.STO_PLL_CalcElAngle
                0x08008f34      0x1e4 ./Middlewares/MotorControl/sto_pll_speed_pos_fdbk.o
                0x08008f34                STO_PLL_CalcElAngle
 .text.STO_PLL_CalcAvrgMecSpeedUnit
                0x08009118      0x140 ./Middlewares/MotorControl/sto_pll_speed_pos_fdbk.o
                0x08009118                STO_PLL_CalcAvrgMecSpeedUnit
 .text.STO_PLL_CalcAvrgElSpeedDpp
                0x08009258       0x58 ./Middlewares/MotorControl/sto_pll_speed_pos_fdbk.o
                0x08009258                STO_PLL_CalcAvrgElSpeedDpp
 .text.STO_PLL_Clear
                0x080092b0       0x4c ./Middlewares/MotorControl/sto_pll_speed_pos_fdbk.o
                0x080092b0                STO_PLL_Clear
 .text.STO_PLL_Init
                0x080092fc       0x74 ./Middlewares/MotorControl/sto_pll_speed_pos_fdbk.o
                0x080092fc                STO_PLL_Init
 .text.STO_PLL_IsObserverConverged
                0x08009370       0xcc ./Middlewares/MotorControl/sto_pll_speed_pos_fdbk.o
                0x08009370                STO_PLL_IsObserverConverged
 .text.STO_PLL_GetEstimatedBemf
                0x0800943c       0x18 ./Middlewares/MotorControl/sto_pll_speed_pos_fdbk.o
                0x0800943c                STO_PLL_GetEstimatedBemf
 .text.STO_PLL_GetEstimatedCurrent
                0x08009454       0x24 ./Middlewares/MotorControl/sto_pll_speed_pos_fdbk.o
                0x08009454                STO_PLL_GetEstimatedCurrent
 .text.STO_PLL_GetObserverGains
                0x08009478       0x10 ./Middlewares/MotorControl/sto_pll_speed_pos_fdbk.o
                0x08009478                STO_PLL_GetObserverGains
 .text.STO_PLL_SetObserverGains
                0x08009488        0x8 ./Middlewares/MotorControl/sto_pll_speed_pos_fdbk.o
                0x08009488                STO_PLL_SetObserverGains
 .text.STO_OTF_ResetPLL
                0x08009490        0xc ./Middlewares/MotorControl/sto_pll_speed_pos_fdbk.o
                0x08009490                STO_OTF_ResetPLL
 .text.STO_PLL_IsVarianceTight
                0x0800949c        0x8 ./Middlewares/MotorControl/sto_pll_speed_pos_fdbk.o
                0x0800949c                STO_PLL_IsVarianceTight
 .text.STO_PLL_ForceConvergency1
                0x080094a4        0xc ./Middlewares/MotorControl/sto_pll_speed_pos_fdbk.o
                0x080094a4                STO_PLL_ForceConvergency1
 .text.STO_PLL_ForceConvergency2
                0x080094b0        0xc ./Middlewares/MotorControl/sto_pll_speed_pos_fdbk.o
                0x080094b0                STO_PLL_ForceConvergency2
 .text.STO_SetDirection
                0x080094bc        0x8 ./Middlewares/MotorControl/sto_pll_speed_pos_fdbk.o
                0x080094bc                STO_SetDirection
 .text.VSS_Clear
                0x080094c4       0x1c ./Middlewares/MotorControl/virtual_speed_sensor.o
                0x080094c4                VSS_Clear
 .text.VSS_Init
                0x080094e0        0x8 ./Middlewares/MotorControl/virtual_speed_sensor.o
                0x080094e0                VSS_Init
 .text.VSS_CalcElAngle
                0x080094e8       0xa4 ./Middlewares/MotorControl/virtual_speed_sensor.o
                0x080094e8                VSS_CalcElAngle
 .text.VSS_CalcAvrgMecSpeedUnit
                0x0800958c       0xa4 ./Middlewares/MotorControl/virtual_speed_sensor.o
                0x0800958c                VSS_CalcAvrgMecSpeedUnit
 .text.VSS_SetMecAcceleration
                0x08009630       0x78 ./Middlewares/MotorControl/virtual_speed_sensor.o
                0x08009630                VSS_SetMecAcceleration
 .text.VSS_SetStartTransition
                0x080096a8       0x1c ./Middlewares/MotorControl/virtual_speed_sensor.o
                0x080096a8                VSS_SetStartTransition
 .text.VSS_TransitionEnded
                0x080096c4        0x8 ./Middlewares/MotorControl/virtual_speed_sensor.o
                0x080096c4                VSS_TransitionEnded
 .text.memset   0x080096cc       0x10 C:/ST/STM32CubeIDE_1.17.0/STM32CubeIDE/plugins/com.st.stm32cube.ide.mcu.externaltools.gnu-tools-for-stm32.12.3.rel1.win32_1.1.0.202410251130/tools/bin/../lib/gcc/arm-none-eabi/12.3.1/../../../../arm-none-eabi/lib/thumb/v7e-m+fp/hard\libc_nano.a(libc_a-memset.o)
                0x080096cc                memset
 .text.__libc_init_array
                0x080096dc       0x48 C:/ST/STM32CubeIDE_1.17.0/STM32CubeIDE/plugins/com.st.stm32cube.ide.mcu.externaltools.gnu-tools-for-stm32.12.3.rel1.win32_1.1.0.202410251130/tools/bin/../lib/gcc/arm-none-eabi/12.3.1/../../../../arm-none-eabi/lib/thumb/v7e-m+fp/hard\libc_nano.a(libc_a-init.o)
                0x080096dc                __libc_init_array
 .text.memcpy   0x08009724       0x1c C:/ST/STM32CubeIDE_1.17.0/STM32CubeIDE/plugins/com.st.stm32cube.ide.mcu.externaltools.gnu-tools-for-stm32.12.3.rel1.win32_1.1.0.202410251130/tools/bin/../lib/gcc/arm-none-eabi/12.3.1/../../../../arm-none-eabi/lib/thumb/v7e-m+fp/hard\libc_nano.a(libc_a-memcpy-stub.o)
                0x08009724                memcpy
 *(.glue_7)
 .glue_7        0x08009740        0x0 linker stubs
 *(.glue_7t)
 .glue_7t       0x08009740        0x0 linker stubs
 *(.eh_frame)
 .eh_frame      0x08009740        0x0 C:/ST/STM32CubeIDE_1.17.0/STM32CubeIDE/plugins/com.st.stm32cube.ide.mcu.externaltools.gnu-tools-for-stm32.12.3.rel1.win32_1.1.0.202410251130/tools/bin/../lib/gcc/arm-none-eabi/12.3.1/thumb/v7e-m+fp/hard/crtbegin.o
 *(.init)
 .init          0x08009740        0x4 C:/ST/STM32CubeIDE_1.17.0/STM32CubeIDE/plugins/com.st.stm32cube.ide.mcu.externaltools.gnu-tools-for-stm32.12.3.rel1.win32_1.1.0.202410251130/tools/bin/../lib/gcc/arm-none-eabi/12.3.1/thumb/v7e-m+fp/hard/crti.o
                0x08009740                _init
 .init          0x08009744        0x8 C:/ST/STM32CubeIDE_1.17.0/STM32CubeIDE/plugins/com.st.stm32cube.ide.mcu.externaltools.gnu-tools-for-stm32.12.3.rel1.win32_1.1.0.202410251130/tools/bin/../lib/gcc/arm-none-eabi/12.3.1/thumb/v7e-m+fp/hard/crtn.o
 *(.fini)
 .fini          0x0800974c        0x4 C:/ST/STM32CubeIDE_1.17.0/STM32CubeIDE/plugins/com.st.stm32cube.ide.mcu.externaltools.gnu-tools-for-stm32.12.3.rel1.win32_1.1.0.202410251130/tools/bin/../lib/gcc/arm-none-eabi/12.3.1/thumb/v7e-m+fp/hard/crti.o
                0x0800974c                _fini
 .fini          0x08009750        0x8 C:/ST/STM32CubeIDE_1.17.0/STM32CubeIDE/plugins/com.st.stm32cube.ide.mcu.externaltools.gnu-tools-for-stm32.12.3.rel1.win32_1.1.0.202410251130/tools/bin/../lib/gcc/arm-none-eabi/12.3.1/thumb/v7e-m+fp/hard/crtn.o
                0x08009758                        . = ALIGN (0x4)
                0x08009758                        _etext = .

.vfp11_veneer   0x08009758        0x0
 .vfp11_veneer  0x08009758        0x0 linker stubs

.v4_bx          0x08009758        0x0
 .v4_bx         0x08009758        0x0 linker stubs

.iplt           0x08009758        0x0
 .iplt          0x08009758        0x0 C:/ST/STM32CubeIDE_1.17.0/STM32CubeIDE/plugins/com.st.stm32cube.ide.mcu.externaltools.gnu-tools-for-stm32.12.3.rel1.win32_1.1.0.202410251130/tools/bin/../lib/gcc/arm-none-eabi/12.3.1/thumb/v7e-m+fp/hard/crtbegin.o

.rodata         0x08009758      0x418
                0x08009758                        . = ALIGN (0x4)
 *(.rodata)
 *(.rodata*)
 .rodata.CRC4_Lookup4
                0x08009758       0x10 ./Application/User/aspep.o
 .rodata.CRC4_Lookup8
                0x08009768      0x100 ./Application/User/aspep.o
 .rodata.M1_FOCConfig_reg
                0x08009868        0xe ./Application/User/mc_configuration_registers.o
 *fill*         0x08009876        0x2 
 .rodata.M1_MotorConfig_reg
                0x08009878       0x3c ./Application/User/mc_configuration_registers.o
 .rodata.M1_ApplicationConfig_reg
                0x080098b4       0x10 ./Application/User/mc_configuration_registers.o
 .rodata.globalConfig_reg
                0x080098c4        0xa ./Application/User/mc_configuration_registers.o
                0x080098c4                globalConfig_reg
 *fill*         0x080098ce        0x2 
 .rodata.FIRMWARE_NAME
                0x080098d0       0x14 ./Application/User/mc_configuration_registers.o
                0x080098d0                FIRMWARE_NAME
 .rodata.M1_PWR_BOARD
                0x080098e4        0xd ./Application/User/mc_configuration_registers.o
 *fill*         0x080098f1        0x3 
 .rodata.CTL_BOARD
                0x080098f4        0xd ./Application/User/mc_configuration_registers.o
                0x080098f4                CTL_BOARD
 *fill*         0x08009901        0x3 
 .rodata.R3_2_ParamsM1
                0x08009904       0xb0 ./Application/User/mc_parameters.o
                0x08009904                R3_2_ParamsM1
 .rodata.R3_3_OPAMPParamsM1
                0x080099b4       0x60 ./Application/User/mc_parameters.o
                0x080099b4                R3_3_OPAMPParamsM1
 .rodata.CSWTCH.49
                0x08009a14       0x11 ./Application/User/register_interface.o
 *fill*         0x08009a25        0x3 
 .rodata.CHANNEL_OFFSET_TAB
                0x08009a28        0x6 ./Application/User/usart_aspep_driver.o
 *fill*         0x08009a2e        0x2 
 .rodata.APBPrescTable
                0x08009a30        0x8 ./Drivers/CMSIS/system_stm32g4xx.o
                0x08009a30                APBPrescTable
 .rodata.AHBPrescTable
                0x08009a38       0x10 ./Drivers/CMSIS/system_stm32g4xx.o
                0x08009a38                AHBPrescTable
 .rodata.CSWTCH.115
                0x08009a48       0x40 ./Drivers/STM32G4xx_HAL_Driver/stm32g4xx_hal_tim_ex.o
 .rodata.CSWTCH.114
                0x08009a88       0x40 ./Drivers/STM32G4xx_HAL_Driver/stm32g4xx_hal_tim_ex.o
 .rodata.CSWTCH.113
                0x08009ac8       0x40 ./Drivers/STM32G4xx_HAL_Driver/stm32g4xx_hal_tim_ex.o
 .rodata.CSWTCH.112
                0x08009b08       0x40 ./Drivers/STM32G4xx_HAL_Driver/stm32g4xx_hal_tim_ex.o
 .rodata.UARTPrescTable
                0x08009b48       0x18 ./Drivers/STM32G4xx_HAL_Driver/stm32g4xx_hal_uart.o
                0x08009b48                UARTPrescTable
 .rodata.denominator.0
                0x08009b60        0x8 ./Drivers/STM32G4xx_HAL_Driver/stm32g4xx_hal_uart_ex.o
 .rodata.numerator.1
                0x08009b68        0x8 ./Drivers/STM32G4xx_HAL_Driver/stm32g4xx_hal_uart_ex.o
                0x08009b70                        . = ALIGN (0x4)

.ARM.extab      0x08009b70        0x0
                0x08009b70                        . = ALIGN (0x4)
 *(.ARM.extab* .gnu.linkonce.armextab.*)
                0x08009b70                        . = ALIGN (0x4)

.ARM            0x08009b70        0x8
                0x08009b70                        . = ALIGN (0x4)
                0x08009b70                        __exidx_start = .
 *(.ARM.exidx*)
 .ARM.exidx     0x08009b70        0x8 C:/ST/STM32CubeIDE_1.17.0/STM32CubeIDE/plugins/com.st.stm32cube.ide.mcu.externaltools.gnu-tools-for-stm32.12.3.rel1.win32_1.1.0.202410251130/tools/bin/../lib/gcc/arm-none-eabi/12.3.1/thumb/v7e-m+fp/hard\libgcc.a(_udivmoddi4.o)
                0x08009b78                        __exidx_end = .
                0x08009b78                        . = ALIGN (0x4)

.preinit_array  0x08009b78        0x0
                0x08009b78                        . = ALIGN (0x4)
                0x08009b78                        PROVIDE (__preinit_array_start = .)
 *(.preinit_array*)
                0x08009b78                        PROVIDE (__preinit_array_end = .)
                0x08009b78                        . = ALIGN (0x4)

.init_array     0x08009b78        0x4
                0x08009b78                        . = ALIGN (0x4)
                0x08009b78                        PROVIDE (__init_array_start = .)
 *(SORT_BY_NAME(.init_array.*))
 *(.init_array*)
 .init_array    0x08009b78        0x4 C:/ST/STM32CubeIDE_1.17.0/STM32CubeIDE/plugins/com.st.stm32cube.ide.mcu.externaltools.gnu-tools-for-stm32.12.3.rel1.win32_1.1.0.202410251130/tools/bin/../lib/gcc/arm-none-eabi/12.3.1/thumb/v7e-m+fp/hard/crtbegin.o
                0x08009b7c                        PROVIDE (__init_array_end = .)
                0x08009b7c                        . = ALIGN (0x4)

.fini_array     0x08009b7c        0x4
                0x08009b7c                        . = ALIGN (0x4)
                [!provide]                        PROVIDE (__fini_array_start = .)
 *(SORT_BY_NAME(.fini_array.*))
 *(.fini_array*)
 .fini_array    0x08009b7c        0x4 C:/ST/STM32CubeIDE_1.17.0/STM32CubeIDE/plugins/com.st.stm32cube.ide.mcu.externaltools.gnu-tools-for-stm32.12.3.rel1.win32_1.1.0.202410251130/tools/bin/../lib/gcc/arm-none-eabi/12.3.1/thumb/v7e-m+fp/hard/crtbegin.o
                [!provide]                        PROVIDE (__fini_array_end = .)
                0x08009b80                        . = ALIGN (0x4)
                0x08009b80                        _sidata = LOADADDR (.data)

.rel.dyn        0x08009b80        0x0
 .rel.iplt      0x08009b80        0x0 C:/ST/STM32CubeIDE_1.17.0/STM32CubeIDE/plugins/com.st.stm32cube.ide.mcu.externaltools.gnu-tools-for-stm32.12.3.rel1.win32_1.1.0.202410251130/tools/bin/../lib/gcc/arm-none-eabi/12.3.1/thumb/v7e-m+fp/hard/crtbegin.o

.data           0x20000000      0x4f8 load address 0x08009b80
                0x20000000                        . = ALIGN (0x4)
                0x20000000                        _sdata = .
 *(.data)
 *(.data*)
 .data.Mci      0x20000000       0x28 ./Application/User/mc_config.o
                0x20000000                Mci
 .data.pMPM     0x20000028        0x4 ./Application/User/mc_config.o
                0x20000028                pMPM
 .data.pPIDId   0x2000002c        0x4 ./Application/User/mc_config.o
                0x2000002c                pPIDId
 .data.pPIDIq   0x20000030        0x4 ./Application/User/mc_config.o
                0x20000030                pPIDIq
 .data.pSTC     0x20000034        0x4 ./Application/User/mc_config.o
                0x20000034                pSTC
 .data.CircleLimitationM1
                0x20000038        0x4 ./Application/User/mc_config.o
                0x20000038                CircleLimitationM1
 .data.RampExtMngrHFParamsM1
                0x2000003c       0x18 ./Application/User/mc_config.o
                0x2000003c                RampExtMngrHFParamsM1
 .data.STO_M1   0x20000054       0x14 ./Application/User/mc_config.o
                0x20000054                STO_M1
 .data.STO_PLL_M1
                0x20000068      0x128 ./Application/User/mc_config.o
                0x20000068                STO_PLL_M1
 .data.PWM_Handle_M1
                0x20000190       0xa4 ./Application/User/mc_config.o
                0x20000190                PWM_Handle_M1
 .data.RevUpControlM1
                0x20000234       0x78 ./Application/User/mc_config.o
                0x20000234                RevUpControlM1
 .data.SpeednTorqCtrlM1
                0x200002ac       0x34 ./Application/User/mc_config.o
                0x200002ac                SpeednTorqCtrlM1
 .data.PIDIdHandle_M1
                0x200002e0       0x2c ./Application/User/mc_config.o
                0x200002e0                PIDIdHandle_M1
 .data.PIDIqHandle_M1
                0x2000030c       0x2c ./Application/User/mc_config.o
                0x2000030c                PIDIqHandle_M1
 .data.PIDSpeedHandle_M1
                0x20000338       0x2c ./Application/User/mc_config.o
                0x20000338                PIDSpeedHandle_M1
 .data.PQD_MotorPowMeasM1
                0x20000364       0x10 ./Application/User/mc_config.o
                0x20000364                PQD_MotorPowMeasM1
 .data.BusVoltageSensor_M1
                0x20000374       0x1c ./Application/User/mc_config_common.o
                0x20000374                BusVoltageSensor_M1
 .data.VbusRegConv_M1
                0x20000390       0x10 ./Application/User/mc_config_common.o
                0x20000390                VbusRegConv_M1
 .data.TempSensor_M1
                0x200003a0       0x1c ./Application/User/mc_config_common.o
                0x200003a0                TempSensor_M1
 .data.TempRegConv_M1
                0x200003bc       0x10 ./Application/User/mc_config_common.o
                0x200003bc                TempRegConv_M1
 .data.VirtualSpeedSensorM1
                0x200003cc       0x38 ./Application/User/mc_config_common.o
                0x200003cc                VirtualSpeedSensorM1
 .data.ApplicationConfig_reg
                0x20000404        0x4 ./Application/User/mc_configuration_registers.o
                0x20000404                ApplicationConfig_reg
 .data.MotorConfig_reg
                0x20000408        0x4 ./Application/User/mc_configuration_registers.o
                0x20000408                MotorConfig_reg
 .data.FOCConfig_reg
                0x2000040c        0x4 ./Application/User/mc_configuration_registers.o
                0x2000040c                FOCConfig_reg
 .data.PWR_BOARD_NAME
                0x20000410        0x4 ./Application/User/mc_configuration_registers.o
                0x20000410                PWR_BOARD_NAME
 .data.scaleParams_M1
                0x20000414       0x10 ./Application/User/mc_parameters.o
                0x20000414                scaleParams_M1
 .data.MCPA_UART_A
                0x20000424       0x2c ./Application/User/mcp_config.o
                0x20000424                MCPA_UART_A
 .data.MCP_Over_UartA
                0x20000450       0x10 ./Application/User/mcp_config.o
                0x20000450                MCP_Over_UartA
 .data.aspepOverUartA
                0x20000460       0x74 ./Application/User/mcp_config.o
                0x20000460                aspepOverUartA
 .data.UASPEP_A
                0x200004d4       0x14 ./Application/User/mcp_config.o
 .data.SystickDividerCounter.0
                0x200004e8        0x1 ./Application/User/stm32_mc_common_it.o
 *fill*         0x200004e9        0x3 
 .data.SystemCoreClock
                0x200004ec        0x4 ./Drivers/CMSIS/system_stm32g4xx.o
                0x200004ec                SystemCoreClock
 .data.uwTickFreq
                0x200004f0        0x4 ./Drivers/STM32G4xx_HAL_Driver/stm32g4xx_hal.o
                0x200004f0                uwTickFreq
 .data.uwTickPrio
                0x200004f4        0x4 ./Drivers/STM32G4xx_HAL_Driver/stm32g4xx_hal.o
                0x200004f4                uwTickPrio
 *(.RamFunc)
 *(.RamFunc*)
                0x200004f8                        . = ALIGN (0x4)
                0x200004f8                        _edata = .

.igot.plt       0x200004f8        0x0 load address 0x0800a078
 .igot.plt      0x200004f8        0x0 C:/ST/STM32CubeIDE_1.17.0/STM32CubeIDE/plugins/com.st.stm32cube.ide.mcu.externaltools.gnu-tools-for-stm32.12.3.rel1.win32_1.1.0.202410251130/tools/bin/../lib/gcc/arm-none-eabi/12.3.1/thumb/v7e-m+fp/hard/crtbegin.o
                0x200004f8                        . = ALIGN (0x4)

.bss            0x200004f8     0x1728 load address 0x0800a078
                0x200004f8                        _sbss = .
                0x200004f8                        __bss_start__ = _sbss
 *(.bss)
 .bss           0x200004f8       0x1c C:/ST/STM32CubeIDE_1.17.0/STM32CubeIDE/plugins/com.st.stm32cube.ide.mcu.externaltools.gnu-tools-for-stm32.12.3.rel1.win32_1.1.0.202410251130/tools/bin/../lib/gcc/arm-none-eabi/12.3.1/thumb/v7e-m+fp/hard/crtbegin.o
 *(.bss*)
 .bss.hdma_usart2_tx
                0x20000514       0x60 ./Application/User/main.o
                0x20000514                hdma_usart2_tx
 .bss.hdma_usart2_rx
                0x20000574       0x60 ./Application/User/main.o
                0x20000574                hdma_usart2_rx
 .bss.huart2    0x200005d4       0x94 ./Application/User/main.o
                0x200005d4                huart2
 .bss.htim1     0x20000668       0x4c ./Application/User/main.o
                0x20000668                htim1
 .bss.hopamp3   0x200006b4       0x3c ./Application/User/main.o
                0x200006b4                hopamp3
 .bss.hopamp2   0x200006f0       0x3c ./Application/User/main.o
                0x200006f0                hopamp2
 .bss.hopamp1   0x2000072c       0x3c ./Application/User/main.o
                0x2000072c                hopamp1
 .bss.hdac3     0x20000768       0x14 ./Application/User/main.o
                0x20000768                hdac3
 .bss.hcordic   0x2000077c       0x28 ./Application/User/main.o
                0x2000077c                hcordic
 .bss.hcomp4    0x200007a4       0x24 ./Application/User/main.o
                0x200007a4                hcomp4
 .bss.hcomp2    0x200007c8       0x24 ./Application/User/main.o
                0x200007c8                hcomp2
 .bss.hcomp1    0x200007ec       0x24 ./Application/User/main.o
                0x200007ec                hcomp1
 .bss.hadc2     0x20000810       0x6c ./Application/User/main.o
                0x20000810                hadc2
 .bss.hadc1     0x2000087c       0x6c ./Application/User/main.o
                0x2000087c                hadc1
 .bss.pREMNG    0x200008e8        0x4 ./Application/User/mc_config.o
                0x200008e8                pREMNG
 .bss.FOCVars   0x200008ec       0x26 ./Application/User/mc_config.o
                0x200008ec                FOCVars
 *fill*         0x20000912        0x2 
 .bss.pwmcHandle
                0x20000914        0x4 ./Application/User/mc_config_common.o
                0x20000914                pwmcHandle
 .bss.RealBusVoltageSensorFilterBufferM1
                0x20000918        0xc ./Application/User/mc_config_common.o
 .bss.bMCBootCompleted
                0x20000924        0x1 ./Application/User/mc_tasks.o
 *fill*         0x20000925        0x1 
 .bss.hStopPermanencyCounterM1
                0x20000926        0x2 ./Application/User/mc_tasks.o
 .bss.hBootCapDelayCounterM1
                0x20000928        0x2 ./Application/User/mc_tasks.o
 .bss.hMFTaskCounterM1
                0x2000092a        0x2 ./Application/User/mc_tasks.o
 .bss.MCP_UserCallBack
                0x2000092c        0x8 ./Application/User/mcp_config.o
                0x2000092c                MCP_UserCallBack
 .bss.dataSizeTableBuffA
                0x20000934        0xa ./Application/User/mcp_config.o
 *fill*         0x2000093e        0x2 
 .bss.dataSizeTableA
                0x20000940        0xa ./Application/User/mcp_config.o
 *fill*         0x2000094a        0x2 
 .bss.dataPtrTableBuffA
                0x2000094c       0x28 ./Application/User/mcp_config.o
 .bss.dataPtrTableA
                0x20000974       0x28 ./Application/User/mcp_config.o
 .bss.MCPAsyncBuffUARTA_B
                0x2000099c      0x806 ./Application/User/mcp_config.o
 *fill*         0x200011a2        0x2 
 .bss.MCPAsyncBuffUARTA_A
                0x200011a4      0x806 ./Application/User/mcp_config.o
 *fill*         0x200019aa        0x2 
 .bss.MCPSyncRXBuff
                0x200019ac      0x102 ./Application/User/mcp_config.o
 *fill*         0x20001aae        0x2 
 .bss.MCPSyncTxBuff
                0x20001ab0      0x106 ./Application/User/mcp_config.o
 *fill*         0x20001bb6        0x2 
 .bss.pMCI      0x20001bb8        0x4 ./Application/User/motorcontrol.o
                0x20001bb8                pMCI
 .bss.nullData16.0
                0x20001bbc        0x2 ./Application/User/register_interface.o
 *fill*         0x20001bbe        0x2 
 .bss.RCM_UserConvHandle
                0x20001bc0        0x4 ./Application/User/regular_conversion_manager.o
 .bss.RCM_UserConvState
                0x20001bc4        0x1 ./Application/User/regular_conversion_manager.o
 *fill*         0x20001bc5        0x1 
 .bss.RCM_UserConvValue
                0x20001bc6        0x2 ./Application/User/regular_conversion_manager.o
 .bss.RCM_currentHandle
                0x20001bc8        0x1 ./Application/User/regular_conversion_manager.o
 *fill*         0x20001bc9        0x3 
 .bss.RCM_NoInj_array
                0x20001bcc       0x18 ./Application/User/regular_conversion_manager.o
 .bss.RCM_CB_array
                0x20001be4       0x20 ./Application/User/regular_conversion_manager.o
 .bss.RCM_handle_array
                0x20001c04       0x10 ./Application/User/regular_conversion_manager.o
 .bss.HAL_RCC_ADC12_CLK_ENABLED
                0x20001c14        0x4 ./Application/User/stm32g4xx_hal_msp.o
 .bss.uwTick    0x20001c18        0x4 ./Drivers/STM32G4xx_HAL_Driver/stm32g4xx_hal.o
                0x20001c18                uwTick
 .bss.GLOBAL_TIMESTAMP
                0x20001c1c        0x4 ./Middlewares/MotorControl/mcpa.o
                0x20001c1c                GLOBAL_TIMESTAMP
 *(COMMON)
                0x20001c20                        . = ALIGN (0x4)
                0x20001c20                        _ebss = .
                0x20001c20                        __bss_end__ = _ebss

._user_heap_stack
                0x20001c20      0x600 load address 0x0800a078
                0x20001c20                        . = ALIGN (0x8)
                [!provide]                        PROVIDE (end = .)
                0x20001c20                        PROVIDE (_end = .)
                0x20001e20                        . = (. + _Min_Heap_Size)
 *fill*         0x20001c20      0x200 
                0x20002220                        . = (. + _Min_Stack_Size)
 *fill*         0x20001e20      0x400 
                0x20002220                        . = ALIGN (0x8)

/DISCARD/
 libc.a(*)
 libm.a(*)
 libgcc.a(*)

.ARM.attributes
                0x00000000       0x30
 *(.ARM.attributes)
 .ARM.attributes
                0x00000000       0x22 C:/ST/STM32CubeIDE_1.17.0/STM32CubeIDE/plugins/com.st.stm32cube.ide.mcu.externaltools.gnu-tools-for-stm32.12.3.rel1.win32_1.1.0.202410251130/tools/bin/../lib/gcc/arm-none-eabi/12.3.1/thumb/v7e-m+fp/hard/crti.o
 .ARM.attributes
                0x00000022       0x34 C:/ST/STM32CubeIDE_1.17.0/STM32CubeIDE/plugins/com.st.stm32cube.ide.mcu.externaltools.gnu-tools-for-stm32.12.3.rel1.win32_1.1.0.202410251130/tools/bin/../lib/gcc/arm-none-eabi/12.3.1/thumb/v7e-m+fp/hard/crtbegin.o
 .ARM.attributes
                0x00000056       0x21 ./Application/Startup/startup_stm32g431cbux.o
 .ARM.attributes
                0x00000077       0x30 ./Application/User/aspep.o
 .ARM.attributes
                0x000000a7       0x30 ./Application/User/main.o
 .ARM.attributes
                0x000000d7       0x30 ./Application/User/mc_api.o
 .ARM.attributes
                0x00000107       0x30 ./Application/User/mc_app_hooks.o
 .ARM.attributes
                0x00000137       0x30 ./Application/User/mc_config.o
 .ARM.attributes
                0x00000167       0x30 ./Application/User/mc_config_common.o
 .ARM.attributes
                0x00000197       0x30 ./Application/User/mc_configuration_registers.o
 .ARM.attributes
                0x000001c7       0x30 ./Application/User/mc_interface.o
 .ARM.attributes
                0x000001f7       0x30 ./Application/User/mc_math.o
 .ARM.attributes
                0x00000227       0x30 ./Application/User/mc_parameters.o
 .ARM.attributes
                0x00000257       0x30 ./Application/User/mc_tasks.o
 .ARM.attributes
                0x00000287       0x30 ./Application/User/mc_tasks_foc.o
 .ARM.attributes
                0x000002b7       0x30 ./Application/User/mcp.o
 .ARM.attributes
                0x000002e7       0x30 ./Application/User/mcp_config.o
 .ARM.attributes
                0x00000317       0x30 ./Application/User/motorcontrol.o
 .ARM.attributes
                0x00000347       0x30 ./Application/User/pwm_common.o
 .ARM.attributes
                0x00000377       0x30 ./Application/User/pwm_curr_fdbk.o
 .ARM.attributes
                0x000003a7       0x30 ./Application/User/register_interface.o
 .ARM.attributes
                0x000003d7       0x30 ./Application/User/regular_conversion_manager.o
 .ARM.attributes
                0x00000407       0x30 ./Application/User/stm32_mc_common_it.o
 .ARM.attributes
                0x00000437       0x30 ./Application/User/stm32g4xx_hal_msp.o
 .ARM.attributes
                0x00000467       0x30 ./Application/User/stm32g4xx_mc_it.o
 .ARM.attributes
                0x00000497       0x30 ./Application/User/usart_aspep_driver.o
 .ARM.attributes
                0x000004c7       0x30 ./Drivers/CMSIS/system_stm32g4xx.o
 .ARM.attributes
                0x000004f7       0x30 ./Drivers/STM32G4xx_HAL_Driver/stm32g4xx_hal.o
 .ARM.attributes
                0x00000527       0x30 ./Drivers/STM32G4xx_HAL_Driver/stm32g4xx_hal_adc.o
 .ARM.attributes
                0x00000557       0x30 ./Drivers/STM32G4xx_HAL_Driver/stm32g4xx_hal_adc_ex.o
 .ARM.attributes
                0x00000587       0x30 ./Drivers/STM32G4xx_HAL_Driver/stm32g4xx_hal_comp.o
 .ARM.attributes
                0x000005b7       0x30 ./Drivers/STM32G4xx_HAL_Driver/stm32g4xx_hal_cordic.o
 .ARM.attributes
                0x000005e7       0x30 ./Drivers/STM32G4xx_HAL_Driver/stm32g4xx_hal_cortex.o
 .ARM.attributes
                0x00000617       0x30 ./Drivers/STM32G4xx_HAL_Driver/stm32g4xx_hal_dac.o
 .ARM.attributes
                0x00000647       0x30 ./Drivers/STM32G4xx_HAL_Driver/stm32g4xx_hal_dma.o
 .ARM.attributes
                0x00000677       0x30 ./Drivers/STM32G4xx_HAL_Driver/stm32g4xx_hal_gpio.o
 .ARM.attributes
                0x000006a7       0x30 ./Drivers/STM32G4xx_HAL_Driver/stm32g4xx_hal_opamp.o
 .ARM.attributes
                0x000006d7       0x30 ./Drivers/STM32G4xx_HAL_Driver/stm32g4xx_hal_pwr_ex.o
 .ARM.attributes
                0x00000707       0x30 ./Drivers/STM32G4xx_HAL_Driver/stm32g4xx_hal_rcc.o
 .ARM.attributes
                0x00000737       0x30 ./Drivers/STM32G4xx_HAL_Driver/stm32g4xx_hal_rcc_ex.o
 .ARM.attributes
                0x00000767       0x30 ./Drivers/STM32G4xx_HAL_Driver/stm32g4xx_hal_tim.o
 .ARM.attributes
                0x00000797       0x30 ./Drivers/STM32G4xx_HAL_Driver/stm32g4xx_hal_tim_ex.o
 .ARM.attributes
                0x000007c7       0x30 ./Drivers/STM32G4xx_HAL_Driver/stm32g4xx_hal_uart.o
 .ARM.attributes
                0x000007f7       0x30 ./Drivers/STM32G4xx_HAL_Driver/stm32g4xx_hal_uart_ex.o
 .ARM.attributes
                0x00000827       0x30 ./Middlewares/MotorControl/bus_voltage_sensor.o
 .ARM.attributes
                0x00000857       0x30 ./Middlewares/MotorControl/circle_limitation.o
 .ARM.attributes
                0x00000887       0x30 ./Middlewares/MotorControl/mcpa.o
 .ARM.attributes
                0x000008b7       0x30 ./Middlewares/MotorControl/ntc_temperature_sensor.o
 .ARM.attributes
                0x000008e7       0x30 ./Middlewares/MotorControl/pid_regulator.o
 .ARM.attributes
                0x00000917       0x30 ./Middlewares/MotorControl/pqd_motor_power_measurement.o
 .ARM.attributes
                0x00000947       0x30 ./Middlewares/MotorControl/r3_2_g4xx_pwm_curr_fdbk.o
 .ARM.attributes
                0x00000977       0x30 ./Middlewares/MotorControl/r_divider_bus_voltage_sensor.o
 .ARM.attributes
                0x000009a7       0x30 ./Middlewares/MotorControl/ramp_ext_mngr.o
 .ARM.attributes
                0x000009d7       0x30 ./Middlewares/MotorControl/revup_ctrl.o
 .ARM.attributes
                0x00000a07       0x30 ./Middlewares/MotorControl/speed_pos_fdbk.o
 .ARM.attributes
                0x00000a37       0x30 ./Middlewares/MotorControl/speed_torq_ctrl.o
 .ARM.attributes
                0x00000a67       0x30 ./Middlewares/MotorControl/sto_pll_speed_pos_fdbk.o
 .ARM.attributes
                0x00000a97       0x30 ./Middlewares/MotorControl/virtual_speed_sensor.o
 .ARM.attributes
                0x00000ac7       0x34 C:/ST/STM32CubeIDE_1.17.0/STM32CubeIDE/plugins/com.st.stm32cube.ide.mcu.externaltools.gnu-tools-for-stm32.12.3.rel1.win32_1.1.0.202410251130/tools/bin/../lib/gcc/arm-none-eabi/12.3.1/../../../../arm-none-eabi/lib/thumb/v7e-m+fp/hard\libc_nano.a(libc_a-memset.o)
 .ARM.attributes
                0x00000afb       0x34 C:/ST/STM32CubeIDE_1.17.0/STM32CubeIDE/plugins/com.st.stm32cube.ide.mcu.externaltools.gnu-tools-for-stm32.12.3.rel1.win32_1.1.0.202410251130/tools/bin/../lib/gcc/arm-none-eabi/12.3.1/../../../../arm-none-eabi/lib/thumb/v7e-m+fp/hard\libc_nano.a(libc_a-init.o)
 .ARM.attributes
                0x00000b2f       0x34 C:/ST/STM32CubeIDE_1.17.0/STM32CubeIDE/plugins/com.st.stm32cube.ide.mcu.externaltools.gnu-tools-for-stm32.12.3.rel1.win32_1.1.0.202410251130/tools/bin/../lib/gcc/arm-none-eabi/12.3.1/../../../../arm-none-eabi/lib/thumb/v7e-m+fp/hard\libc_nano.a(libc_a-memcpy-stub.o)
 .ARM.attributes
                0x00000b63       0x22 C:/ST/STM32CubeIDE_1.17.0/STM32CubeIDE/plugins/com.st.stm32cube.ide.mcu.externaltools.gnu-tools-for-stm32.12.3.rel1.win32_1.1.0.202410251130/tools/bin/../lib/gcc/arm-none-eabi/12.3.1/thumb/v7e-m+fp/hard\libgcc.a(_aeabi_uldivmod.o)
 .ARM.attributes
                0x00000b85       0x34 C:/ST/STM32CubeIDE_1.17.0/STM32CubeIDE/plugins/com.st.stm32cube.ide.mcu.externaltools.gnu-tools-for-stm32.12.3.rel1.win32_1.1.0.202410251130/tools/bin/../lib/gcc/arm-none-eabi/12.3.1/thumb/v7e-m+fp/hard\libgcc.a(_udivmoddi4.o)
 .ARM.attributes
                0x00000bb9       0x22 C:/ST/STM32CubeIDE_1.17.0/STM32CubeIDE/plugins/com.st.stm32cube.ide.mcu.externaltools.gnu-tools-for-stm32.12.3.rel1.win32_1.1.0.202410251130/tools/bin/../lib/gcc/arm-none-eabi/12.3.1/thumb/v7e-m+fp/hard\libgcc.a(_dvmd_tls.o)
 .ARM.attributes
                0x00000bdb       0x22 C:/ST/STM32CubeIDE_1.17.0/STM32CubeIDE/plugins/com.st.stm32cube.ide.mcu.externaltools.gnu-tools-for-stm32.12.3.rel1.win32_1.1.0.202410251130/tools/bin/../lib/gcc/arm-none-eabi/12.3.1/thumb/v7e-m+fp/hard/crtn.o
OUTPUT(T200FirstSpin.elf elf32-littlearm)
LOAD linker stubs
LOAD C:/ST/STM32CubeIDE_1.17.0/STM32CubeIDE/plugins/com.st.stm32cube.ide.mcu.externaltools.gnu-tools-for-stm32.12.3.rel1.win32_1.1.0.202410251130/tools/bin/../lib/gcc/arm-none-eabi/12.3.1/../../../../arm-none-eabi/lib/thumb/v7e-m+fp/hard\libc.a
LOAD C:/ST/STM32CubeIDE_1.17.0/STM32CubeIDE/plugins/com.st.stm32cube.ide.mcu.externaltools.gnu-tools-for-stm32.12.3.rel1.win32_1.1.0.202410251130/tools/bin/../lib/gcc/arm-none-eabi/12.3.1/../../../../arm-none-eabi/lib/thumb/v7e-m+fp/hard\libm.a
LOAD C:/ST/STM32CubeIDE_1.17.0/STM32CubeIDE/plugins/com.st.stm32cube.ide.mcu.externaltools.gnu-tools-for-stm32.12.3.rel1.win32_1.1.0.202410251130/tools/bin/../lib/gcc/arm-none-eabi/12.3.1/thumb/v7e-m+fp/hard\libgcc.a

.debug_line     0x00000000    0x4b77e
 .debug_line    0x00000000       0x7b ./Application/Startup/startup_stm32g431cbux.o
 .debug_line    0x0000007b     0x16c0 ./Application/User/aspep.o
 .debug_line    0x0000173b     0x1abb ./Application/User/main.o
 .debug_line    0x000031f6     0x1164 ./Application/User/mc_api.o
 .debug_line    0x0000435a      0x9f9 ./Application/User/mc_app_hooks.o
 .debug_line    0x00004d53      0xd03 ./Application/User/mc_config.o
 .debug_line    0x00005a56      0xd0a ./Application/User/mc_config_common.o
 .debug_line    0x00006760      0xbb4 ./Application/User/mc_configuration_registers.o
 .debug_line    0x00007314     0x1918 ./Application/User/mc_interface.o
 .debug_line    0x00008c2c      0xc1e ./Application/User/mc_math.o
 .debug_line    0x0000984a      0xcf4 ./Application/User/mc_parameters.o
 .debug_line    0x0000a53e     0x1372 ./Application/User/mc_tasks.o
 .debug_line    0x0000b8b0     0x1497 ./Application/User/mc_tasks_foc.o
 .debug_line    0x0000cd47     0x1216 ./Application/User/mcp.o
 .debug_line    0x0000df5d      0xade ./Application/User/mcp_config.o
 .debug_line    0x0000ea3b      0xd3f ./Application/User/motorcontrol.o
 .debug_line    0x0000f77a      0xc1d ./Application/User/pwm_common.o
 .debug_line    0x00010397     0x12fb ./Application/User/pwm_curr_fdbk.o
 .debug_line    0x00011692     0x23ed ./Application/User/register_interface.o
 .debug_line    0x00013a7f     0x1663 ./Application/User/regular_conversion_manager.o
 .debug_line    0x000150e2     0x11da ./Application/User/stm32_mc_common_it.o
 .debug_line    0x000162bc     0x1509 ./Application/User/stm32g4xx_hal_msp.o
 .debug_line    0x000177c5      0xe2c ./Application/User/stm32g4xx_mc_it.o
 .debug_line    0x000185f1     0x10a5 ./Application/User/usart_aspep_driver.o
 .debug_line    0x00019696      0x952 ./Drivers/CMSIS/system_stm32g4xx.o
 .debug_line    0x00019fe8      0xdd2 ./Drivers/STM32G4xx_HAL_Driver/stm32g4xx_hal.o
 .debug_line    0x0001adba     0x2f59 ./Drivers/STM32G4xx_HAL_Driver/stm32g4xx_hal_adc.o
 .debug_line    0x0001dd13     0x291a ./Drivers/STM32G4xx_HAL_Driver/stm32g4xx_hal_adc_ex.o
 .debug_line    0x0002062d      0xe30 ./Drivers/STM32G4xx_HAL_Driver/stm32g4xx_hal_comp.o
 .debug_line    0x0002145d     0x1314 ./Drivers/STM32G4xx_HAL_Driver/stm32g4xx_hal_cordic.o
 .debug_line    0x00022771      0xefb ./Drivers/STM32G4xx_HAL_Driver/stm32g4xx_hal_cortex.o
 .debug_line    0x0002366c     0x126e ./Drivers/STM32G4xx_HAL_Driver/stm32g4xx_hal_dac.o
 .debug_line    0x000248da     0x14d1 ./Drivers/STM32G4xx_HAL_Driver/stm32g4xx_hal_dma.o
 .debug_line    0x00025dab      0xe7b ./Drivers/STM32G4xx_HAL_Driver/stm32g4xx_hal_gpio.o
 .debug_line    0x00026c26      0xdbc ./Drivers/STM32G4xx_HAL_Driver/stm32g4xx_hal_opamp.o
 .debug_line    0x000279e2     0x100b ./Drivers/STM32G4xx_HAL_Driver/stm32g4xx_hal_pwr_ex.o
 .debug_line    0x000289ed     0x1543 ./Drivers/STM32G4xx_HAL_Driver/stm32g4xx_hal_rcc.o
 .debug_line    0x00029f30     0x1630 ./Drivers/STM32G4xx_HAL_Driver/stm32g4xx_hal_rcc_ex.o
 .debug_line    0x0002b560     0x674f ./Drivers/STM32G4xx_HAL_Driver/stm32g4xx_hal_tim.o
 .debug_line    0x00031caf     0x2964 ./Drivers/STM32G4xx_HAL_Driver/stm32g4xx_hal_tim_ex.o
 .debug_line    0x00034613     0x6f32 ./Drivers/STM32G4xx_HAL_Driver/stm32g4xx_hal_uart.o
 .debug_line    0x0003b545     0x157f ./Drivers/STM32G4xx_HAL_Driver/stm32g4xx_hal_uart_ex.o
 .debug_line    0x0003cac4      0xa97 ./Middlewares/MotorControl/bus_voltage_sensor.o
 .debug_line    0x0003d55b      0xb2d ./Middlewares/MotorControl/circle_limitation.o
 .debug_line    0x0003e088     0x1268 ./Middlewares/MotorControl/mcpa.o
 .debug_line    0x0003f2f0      0xc2a ./Middlewares/MotorControl/ntc_temperature_sensor.o
 .debug_line    0x0003ff1a      0xec6 ./Middlewares/MotorControl/pid_regulator.o
 .debug_line    0x00040de0      0xb24 ./Middlewares/MotorControl/pqd_motor_power_measurement.o
 .debug_line    0x00041904     0x32eb ./Middlewares/MotorControl/r3_2_g4xx_pwm_curr_fdbk.o
 .debug_line    0x00044bef      0xca7 ./Middlewares/MotorControl/r_divider_bus_voltage_sensor.o
 .debug_line    0x00045896      0xcf3 ./Middlewares/MotorControl/ramp_ext_mngr.o
 .debug_line    0x00046589     0x124b ./Middlewares/MotorControl/revup_ctrl.o
 .debug_line    0x000477d4      0xbed ./Middlewares/MotorControl/speed_pos_fdbk.o
 .debug_line    0x000483c1      0xe93 ./Middlewares/MotorControl/speed_torq_ctrl.o
 .debug_line    0x00049254     0x159c ./Middlewares/MotorControl/sto_pll_speed_pos_fdbk.o
 .debug_line    0x0004a7f0      0xf8e ./Middlewares/MotorControl/virtual_speed_sensor.o

.debug_line_str
                0x00000000       0x8e
 .debug_line_str
                0x00000000       0x8e ./Application/Startup/startup_stm32g431cbux.o

.debug_info     0x00000000    0x4b830
 .debug_info    0x00000000       0x30 ./Application/Startup/startup_stm32g431cbux.o
 .debug_info    0x00000030     0x10f6 ./Application/User/aspep.o
 .debug_info    0x00001126     0x3693 ./Application/User/main.o
 .debug_info    0x000047b9     0x1b5a ./Application/User/mc_api.o
 .debug_info    0x00006313      0x1db ./Application/User/mc_app_hooks.o
 .debug_info    0x000064ee     0x22b1 ./Application/User/mc_config.o
 .debug_info    0x0000879f      0xdf2 ./Application/User/mc_config_common.o
 .debug_info    0x00009591      0x56d ./Application/User/mc_configuration_registers.o
 .debug_info    0x00009afe     0x2176 ./Application/User/mc_interface.o
 .debug_info    0x0000bc74      0x748 ./Application/User/mc_math.o
 .debug_info    0x0000c3bc      0xa24 ./Application/User/mc_parameters.o
 .debug_info    0x0000cde0     0x2398 ./Application/User/mc_tasks.o
 .debug_info    0x0000f178     0x3074 ./Application/User/mc_tasks_foc.o
 .debug_info    0x000121ec     0x15ba ./Application/User/mcp.o
 .debug_info    0x000137a6      0xaf2 ./Application/User/mcp_config.o
 .debug_info    0x00014298     0x1115 ./Application/User/motorcontrol.o
 .debug_info    0x000153ad      0x94f ./Application/User/pwm_common.o
 .debug_info    0x00015cfc     0x1421 ./Application/User/pwm_curr_fdbk.o
 .debug_info    0x0001711d     0x32da ./Application/User/register_interface.o
 .debug_info    0x0001a3f7     0x1a6b ./Application/User/regular_conversion_manager.o
 .debug_info    0x0001be62     0x12ad ./Application/User/stm32_mc_common_it.o
 .debug_info    0x0001d10f     0x26cb ./Application/User/stm32g4xx_hal_msp.o
 .debug_info    0x0001f7da     0x125b ./Application/User/stm32g4xx_mc_it.o
 .debug_info    0x00020a35     0x1234 ./Application/User/usart_aspep_driver.o
 .debug_info    0x00021c69      0x5a7 ./Drivers/CMSIS/system_stm32g4xx.o
 .debug_info    0x00022210      0xcd7 ./Drivers/STM32G4xx_HAL_Driver/stm32g4xx_hal.o
 .debug_info    0x00022ee7     0x34fc ./Drivers/STM32G4xx_HAL_Driver/stm32g4xx_hal_adc.o
 .debug_info    0x000263e3     0x2d24 ./Drivers/STM32G4xx_HAL_Driver/stm32g4xx_hal_adc_ex.o
 .debug_info    0x00029107      0x861 ./Drivers/STM32G4xx_HAL_Driver/stm32g4xx_hal_comp.o