C:/Users/peter/GitHub/EasyBLDC/FIRMWARE/STMotorControlProjecs/T200FirstSpin/MCSDK_v6.3.2-Full/MotorControl/MCSDK/MCLib/Any/Src/ntc_temperature_sensor.c:72:17:NTC_SetFaultState	0	static
C:/Users/peter/GitHub/EasyBLDC/FIRMWARE/STMotorControlProjecs/T200FirstSpin/MCSDK_v6.3.2-Full/MotorControl/MCSDK/MCLib/Any/Src/ntc_temperature_sensor.c:127:13:NTC_Init	0	static
C:/Users/peter/GitHub/EasyBLDC/FIRMWARE/STMotorControlProjecs/T200FirstSpin/MCSDK_v6.3.2-Full/MotorControl/MCSDK/MCLib/Any/Src/ntc_temperature_sensor.c:186:17:NTC_CalcAvTemp	8	static
C:/Users/peter/GitHub/EasyBLDC/FIRMWARE/STMotorControlProjecs/T200FirstSpin/MCSDK_v6.3.2-Full/MotorControl/MCSDK/MCLib/Any/Src/ntc_temperature_sensor.c:237:17:NTC_GetAvTemp_d	0	static
C:/Users/peter/GitHub/EasyBLDC/FIRMWARE/STMotorControlProjecs/T200FirstSpin/MCSDK_v6.3.2-Full/MotorControl/MCSDK/MCLib/Any/Src/ntc_temperature_sensor.c:253:16:NTC_GetAvTemp_C	0	static
C:/Users/peter/GitHub/EasyBLDC/FIRMWARE/STMotorControlProjecs/T200FirstSpin/MCSDK_v6.3.2-Full/MotorControl/MCSDK/MCLib/Any/Src/ntc_temperature_sensor.c:299:17:NTC_CheckTemp	0	static
