C:/Users/peter/GitHub/EasyBLDC/FIRMWARE/STMotorControlProjecs/T200FirstSpin/MCSDK_v6.3.2-Full/MotorControl/MCSDK/MCLib/Any/Src/speed_torq_ctrl.c:65:13:STC_Init	4	static
C:/Users/peter/GitHub/EasyBLDC/FIRMWARE/STMotorControlProjecs/T200FirstSpin/MCSDK_v6.3.2-Full/MotorControl/MCSDK/MCLib/Any/Src/speed_torq_ctrl.c:96:13:STC_SetSpeedSensor	0	static
C:/Users/peter/GitHub/EasyBLDC/FIRMWARE/STMotorControlProjecs/T200FirstSpin/MCSDK_v6.3.2-Full/MotorControl/MCSDK/MCLib/Any/Src/speed_torq_ctrl.c:119:13:STC_Clear	0	static
C:/Users/peter/GitHub/EasyBLDC/FIRMWARE/STMotorControlProjecs/T200FirstSpin/MCSDK_v6.3.2-Full/MotorControl/MCSDK/MCLib/Any/Src/speed_torq_ctrl.c:152:16:STC_GetMecSpeedRefUnit	0	static
C:/Users/peter/GitHub/EasyBLDC/FIRMWARE/STMotorControlProjecs/T200FirstSpin/MCSDK_v6.3.2-Full/MotorControl/MCSDK/MCLib/Any/Src/speed_torq_ctrl.c:222:13:STC_SetControlMode	0	static
C:/Users/peter/GitHub/EasyBLDC/FIRMWARE/STMotorControlProjecs/T200FirstSpin/MCSDK_v6.3.2-Full/MotorControl/MCSDK/MCLib/Any/Src/speed_torq_ctrl.c:269:13:STC_ExecRamp	4	static
C:/Users/peter/GitHub/EasyBLDC/FIRMWARE/STMotorControlProjecs/T200FirstSpin/MCSDK_v6.3.2-Full/MotorControl/MCSDK/MCLib/Any/Src/speed_torq_ctrl.c:392:16:STC_CalcTorqueReference	16	static
C:/Users/peter/GitHub/EasyBLDC/FIRMWARE/STMotorControlProjecs/T200FirstSpin/MCSDK_v6.3.2-Full/MotorControl/MCSDK/MCLib/Any/Src/speed_torq_ctrl.c:482:16:STC_GetMecSpeedRefUnitDefault	0	static
C:/Users/peter/GitHub/EasyBLDC/FIRMWARE/STMotorControlProjecs/T200FirstSpin/MCSDK_v6.3.2-Full/MotorControl/MCSDK/MCLib/Any/Src/speed_torq_ctrl.c:499:17:STC_GetMaxAppPositiveMecSpeedUnit	0	static
C:/Users/peter/GitHub/EasyBLDC/FIRMWARE/STMotorControlProjecs/T200FirstSpin/MCSDK_v6.3.2-Full/MotorControl/MCSDK/MCLib/Any/Src/speed_torq_ctrl.c:516:16:STC_GetMinAppNegativeMecSpeedUnit	0	static
C:/Users/peter/GitHub/EasyBLDC/FIRMWARE/STMotorControlProjecs/T200FirstSpin/MCSDK_v6.3.2-Full/MotorControl/MCSDK/MCLib/Any/Src/speed_torq_ctrl.c:532:13:STC_StopSpeedRamp	0	static
C:/Users/peter/GitHub/EasyBLDC/FIRMWARE/STMotorControlProjecs/T200FirstSpin/MCSDK_v6.3.2-Full/MotorControl/MCSDK/MCLib/Any/Src/speed_torq_ctrl.c:561:13:STC_GetDefaultIqdref	8	static
C:/Users/peter/GitHub/EasyBLDC/FIRMWARE/STMotorControlProjecs/T200FirstSpin/MCSDK_v6.3.2-Full/MotorControl/MCSDK/MCLib/Any/Src/speed_torq_ctrl.c:590:13:STC_ForceSpeedReferenceToCurrentSpeed	8	static
