C:/Users/peter/GitHub/EasyBLDC/FIRMWARE/STMotorControlProjecs/T200FirstSpin/Drivers/STM32G4xx_HAL_Driver/Src/stm32g4xx_hal_dac.c:512:13:HAL_DAC_MspInit	0	static
C:/Users/peter/GitHub/EasyBLDC/FIRMWARE/STMotorControlProjecs/T200FirstSpin/Drivers/STM32G4xx_HAL_Driver/Src/stm32g4xx_hal_dac.c:406:19:HAL_DAC_Init	8	static
C:/Users/peter/GitHub/EasyBLDC/FIRMWARE/STMotorControlProjecs/T200FirstSpin/Drivers/STM32G4xx_HAL_Driver/Src/stm32g4xx_hal_dac.c:528:13:HAL_DAC_MspDeInit	0	static
C:/Users/peter/GitHub/EasyBLDC/FIRMWARE/STMotorControlProjecs/T200FirstSpin/Drivers/STM32G4xx_HAL_Driver/Src/stm32g4xx_hal_dac.c:467:19:HAL_DAC_DeInit	8	static
C:/Users/peter/GitHub/EasyBLDC/FIRMWARE/STMotorControlProjecs/T200FirstSpin/Drivers/STM32G4xx_HAL_Driver/Src/stm32g4xx_hal_dac.c:573:19:HAL_DAC_Start	16	static
C:/Users/peter/GitHub/EasyBLDC/FIRMWARE/STMotorControlProjecs/T200FirstSpin/Drivers/STM32G4xx_HAL_Driver/Src/stm32g4xx_hal_dac.c:648:19:HAL_DAC_Stop	0	static
C:/Users/peter/GitHub/EasyBLDC/FIRMWARE/STMotorControlProjecs/T200FirstSpin/Drivers/STM32G4xx_HAL_Driver/Src/stm32g4xx_hal_dac.c:689:19:HAL_DAC_Start_DMA	32	static
C:/Users/peter/GitHub/EasyBLDC/FIRMWARE/STMotorControlProjecs/T200FirstSpin/Drivers/STM32G4xx_HAL_Driver/Src/stm32g4xx_hal_dac.c:835:19:HAL_DAC_Stop_DMA	8	static
C:/Users/peter/GitHub/EasyBLDC/FIRMWARE/STMotorControlProjecs/T200FirstSpin/Drivers/STM32G4xx_HAL_Driver/Src/stm32g4xx_hal_dac.c:968:19:HAL_DAC_SetValue	16	static
C:/Users/peter/GitHub/EasyBLDC/FIRMWARE/STMotorControlProjecs/T200FirstSpin/Drivers/STM32G4xx_HAL_Driver/Src/stm32g4xx_hal_dac.c:1012:13:HAL_DAC_ConvCpltCallbackCh1	0	static
C:/Users/peter/GitHub/EasyBLDC/FIRMWARE/STMotorControlProjecs/T200FirstSpin/Drivers/STM32G4xx_HAL_Driver/Src/stm32g4xx_hal_dac.c:1684:6:DAC_DMAConvCpltCh1	8	static
C:/Users/peter/GitHub/EasyBLDC/FIRMWARE/STMotorControlProjecs/T200FirstSpin/Drivers/STM32G4xx_HAL_Driver/Src/stm32g4xx_hal_dac.c:1028:13:HAL_DAC_ConvHalfCpltCallbackCh1	0	static
C:/Users/peter/GitHub/EasyBLDC/FIRMWARE/STMotorControlProjecs/T200FirstSpin/Drivers/STM32G4xx_HAL_Driver/Src/stm32g4xx_hal_dac.c:1703:6:DAC_DMAHalfConvCpltCh1	8	static
C:/Users/peter/GitHub/EasyBLDC/FIRMWARE/STMotorControlProjecs/T200FirstSpin/Drivers/STM32G4xx_HAL_Driver/Src/stm32g4xx_hal_dac.c:1044:13:HAL_DAC_ErrorCallbackCh1	0	static
C:/Users/peter/GitHub/EasyBLDC/FIRMWARE/STMotorControlProjecs/T200FirstSpin/Drivers/STM32G4xx_HAL_Driver/Src/stm32g4xx_hal_dac.c:1720:6:DAC_DMAErrorCh1	8	static
C:/Users/peter/GitHub/EasyBLDC/FIRMWARE/STMotorControlProjecs/T200FirstSpin/Drivers/STM32G4xx_HAL_Driver/Src/stm32g4xx_hal_dac.c:1060:13:HAL_DAC_DMAUnderrunCallbackCh1	0	static
C:/Users/peter/GitHub/EasyBLDC/FIRMWARE/STMotorControlProjecs/T200FirstSpin/Drivers/STM32G4xx_HAL_Driver/Src/stm32g4xx_hal_dac.c:889:6:HAL_DAC_IRQHandler	16	static
C:/Users/peter/GitHub/EasyBLDC/FIRMWARE/STMotorControlProjecs/T200FirstSpin/Drivers/STM32G4xx_HAL_Driver/Src/stm32g4xx_hal_dac.c:1102:10:HAL_DAC_GetValue	0	static
C:/Users/peter/GitHub/EasyBLDC/FIRMWARE/STMotorControlProjecs/T200FirstSpin/Drivers/STM32G4xx_HAL_Driver/Src/stm32g4xx_hal_dac.c:1145:19:HAL_DAC_ConfigChannel	24	static
C:/Users/peter/GitHub/EasyBLDC/FIRMWARE/STMotorControlProjecs/T200FirstSpin/Drivers/STM32G4xx_HAL_Driver/Src/stm32g4xx_hal_dac.c:1399:22:HAL_DAC_GetState	0	static
C:/Users/peter/GitHub/EasyBLDC/FIRMWARE/STMotorControlProjecs/T200FirstSpin/Drivers/STM32G4xx_HAL_Driver/Src/stm32g4xx_hal_dac.c:1412:10:HAL_DAC_GetError	0	static
