C:/Users/peter/GitHub/EasyBLDC/FIRMWARE/STMotorControlProjecs/T200FirstSpin/Drivers/STM32G4xx_HAL_Driver/Src/stm32g4xx_hal_cordic.c:325:13:HAL_CORDIC_MspInit	0	static
C:/Users/peter/GitHub/EasyBLDC/FIRMWARE/STMotorControlProjecs/T200FirstSpin/Drivers/STM32G4xx_HAL_Driver/Src/stm32g4xx_hal_cordic.c:201:19:HAL_CORDIC_Init	8	static
C:/Users/peter/GitHub/EasyBLDC/FIRMWARE/STMotorControlProjecs/T200FirstSpin/Drivers/STM32G4xx_HAL_Driver/Src/stm32g4xx_hal_cordic.c:340:13:HAL_CORDIC_MspDeInit	0	static
C:/Users/peter/GitHub/EasyBLDC/FIRMWARE/STMotorControlProjecs/T200FirstSpin/Drivers/STM32G4xx_HAL_Driver/Src/stm32g4xx_hal_cordic.c:268:19:HAL_CORDIC_DeInit	8	static
C:/Users/peter/GitHub/EasyBLDC/FIRMWARE/STMotorControlProjecs/T200FirstSpin/Drivers/STM32G4xx_HAL_Driver/Src/stm32g4xx_hal_cordic.c:558:19:HAL_CORDIC_Configure	4	static
C:/Users/peter/GitHub/EasyBLDC/FIRMWARE/STMotorControlProjecs/T200FirstSpin/Drivers/STM32G4xx_HAL_Driver/Src/stm32g4xx_hal_cordic.c:605:19:HAL_CORDIC_Calculate	32	static
C:/Users/peter/GitHub/EasyBLDC/FIRMWARE/STMotorControlProjecs/T200FirstSpin/Drivers/STM32G4xx_HAL_Driver/Src/stm32g4xx_hal_cordic.c:699:19:HAL_CORDIC_CalculateZO	32	static
C:/Users/peter/GitHub/EasyBLDC/FIRMWARE/STMotorControlProjecs/T200FirstSpin/Drivers/STM32G4xx_HAL_Driver/Src/stm32g4xx_hal_cordic.c:792:19:HAL_CORDIC_Calculate_IT	8	static
C:/Users/peter/GitHub/EasyBLDC/FIRMWARE/STMotorControlProjecs/T200FirstSpin/Drivers/STM32G4xx_HAL_Driver/Src/stm32g4xx_hal_cordic.c:884:19:HAL_CORDIC_Calculate_DMA	24	static
C:/Users/peter/GitHub/EasyBLDC/FIRMWARE/STMotorControlProjecs/T200FirstSpin/Drivers/STM32G4xx_HAL_Driver/Src/stm32g4xx_hal_cordic.c:1048:13:HAL_CORDIC_ErrorCallback	0	static
C:/Users/peter/GitHub/EasyBLDC/FIRMWARE/STMotorControlProjecs/T200FirstSpin/Drivers/STM32G4xx_HAL_Driver/Src/stm32g4xx_hal_cordic.c:1316:13:CORDIC_DMAError	8	static
C:/Users/peter/GitHub/EasyBLDC/FIRMWARE/STMotorControlProjecs/T200FirstSpin/Drivers/STM32G4xx_HAL_Driver/Src/stm32g4xx_hal_cordic.c:1064:13:HAL_CORDIC_CalculateCpltCallback	0	static
C:/Users/peter/GitHub/EasyBLDC/FIRMWARE/STMotorControlProjecs/T200FirstSpin/Drivers/STM32G4xx_HAL_Driver/Src/stm32g4xx_hal_cordic.c:1256:13:CORDIC_DMAInCplt	8	static
C:/Users/peter/GitHub/EasyBLDC/FIRMWARE/STMotorControlProjecs/T200FirstSpin/Drivers/STM32G4xx_HAL_Driver/Src/stm32g4xx_hal_cordic.c:1288:13:CORDIC_DMAOutCplt	8	static
C:/Users/peter/GitHub/EasyBLDC/FIRMWARE/STMotorControlProjecs/T200FirstSpin/Drivers/STM32G4xx_HAL_Driver/Src/stm32g4xx_hal_cordic.c:1097:6:HAL_CORDIC_IRQHandler	16	static
C:/Users/peter/GitHub/EasyBLDC/FIRMWARE/STMotorControlProjecs/T200FirstSpin/Drivers/STM32G4xx_HAL_Driver/Src/stm32g4xx_hal_cordic.c:1168:25:HAL_CORDIC_GetState	0	static
C:/Users/peter/GitHub/EasyBLDC/FIRMWARE/STMotorControlProjecs/T200FirstSpin/Drivers/STM32G4xx_HAL_Driver/Src/stm32g4xx_hal_cordic.c:1181:10:HAL_CORDIC_GetError	0	static
